Archive member included because of file (symbol)

c:/program files (x86)/atmel/atmel toolchain/avr8 gcc/native/3.4.1051/avr8-gnu-toolchain/bin/../lib/gcc/avr/4.8.1/avrxmega2\libgcc.a(_udivmodhi4.o)
                              src/main.o (__udivmodhi4)
c:/program files (x86)/atmel/atmel toolchain/avr8 gcc/native/3.4.1051/avr8-gnu-toolchain/bin/../lib/gcc/avr/4.8.1/avrxmega2\libgcc.a(_udivmodsi4.o)
                              src/asf/xmega/drivers/usart/usart.o (__udivmodsi4)
c:/program files (x86)/atmel/atmel toolchain/avr8 gcc/native/3.4.1051/avr8-gnu-toolchain/bin/../lib/gcc/avr/4.8.1/avrxmega2\libgcc.a(_divmodsi4.o)
                              src/main.o (__divmodsi4)
c:/program files (x86)/atmel/atmel toolchain/avr8 gcc/native/3.4.1051/avr8-gnu-toolchain/bin/../lib/gcc/avr/4.8.1/avrxmega2\libgcc.a(_negsi2.o)
                              c:/program files (x86)/atmel/atmel toolchain/avr8 gcc/native/3.4.1051/avr8-gnu-toolchain/bin/../lib/gcc/avr/4.8.1/avrxmega2\libgcc.a(_divmodsi4.o) (__negsi2)
c:/program files (x86)/atmel/atmel toolchain/avr8 gcc/native/3.4.1051/avr8-gnu-toolchain/bin/../lib/gcc/avr/4.8.1/avrxmega2\libgcc.a(_exit.o)
                              c:/program files (x86)/atmel/atmel toolchain/avr8 gcc/native/3.4.1051/avr8-gnu-toolchain/bin/../lib/gcc/avr/4.8.1/../../../../avr/lib/avrxmega2/crtx32a4u.o (exit)
c:/program files (x86)/atmel/atmel toolchain/avr8 gcc/native/3.4.1051/avr8-gnu-toolchain/bin/../lib/gcc/avr/4.8.1/avrxmega2\libgcc.a(_tablejump.o)
                              src/main.o (__tablejump2__)
c:/program files (x86)/atmel/atmel toolchain/avr8 gcc/native/3.4.1051/avr8-gnu-toolchain/bin/../lib/gcc/avr/4.8.1/avrxmega2\libgcc.a(_copy_data.o)
                              src/asf/common/boards/user_board/init.o (__do_copy_data)
c:/program files (x86)/atmel/atmel toolchain/avr8 gcc/native/3.4.1051/avr8-gnu-toolchain/bin/../lib/gcc/avr/4.8.1/avrxmega2\libgcc.a(_clear_bss.o)
                              src/asf/xmega/drivers/adc/adc.o (__do_clear_bss)
c:/program files (x86)/atmel/atmel toolchain/avr8 gcc/native/3.4.1051/avr8-gnu-toolchain/bin/../lib/gcc/avr/4.8.1/avrxmega2\libgcc.a(_umulhisi3.o)
                              src/main.o (__umulhisi3)
c:/program files (x86)/atmel/atmel toolchain/avr8 gcc/native/3.4.1051/avr8-gnu-toolchain/bin/../lib/gcc/avr/4.8.1/avrxmega2\libgcc.a(_muluhisi3.o)
                              src/main.o (__muluhisi3)
c:/program files (x86)/atmel/atmel toolchain/avr8 gcc/native/3.4.1051/avr8-gnu-toolchain/bin/../lib/gcc/avr/4.8.1/../../../../avr/lib/avrxmega2\libm.a(addsf3.o)
                              src/main.o (__addsf3)
c:/program files (x86)/atmel/atmel toolchain/avr8 gcc/native/3.4.1051/avr8-gnu-toolchain/bin/../lib/gcc/avr/4.8.1/../../../../avr/lib/avrxmega2\libm.a(addsf3x.o)
                              c:/program files (x86)/atmel/atmel toolchain/avr8 gcc/native/3.4.1051/avr8-gnu-toolchain/bin/../lib/gcc/avr/4.8.1/../../../../avr/lib/avrxmega2\libm.a(addsf3.o) (__addsf3x)
c:/program files (x86)/atmel/atmel toolchain/avr8 gcc/native/3.4.1051/avr8-gnu-toolchain/bin/../lib/gcc/avr/4.8.1/../../../../avr/lib/avrxmega2\libm.a(fixunssfsi.o)
                              src/main.o (__fixunssfsi)
c:/program files (x86)/atmel/atmel toolchain/avr8 gcc/native/3.4.1051/avr8-gnu-toolchain/bin/../lib/gcc/avr/4.8.1/../../../../avr/lib/avrxmega2\libm.a(floatsisf.o)
                              src/main.o (__floatunsisf)
c:/program files (x86)/atmel/atmel toolchain/avr8 gcc/native/3.4.1051/avr8-gnu-toolchain/bin/../lib/gcc/avr/4.8.1/../../../../avr/lib/avrxmega2\libm.a(fp_inf.o)
                              c:/program files (x86)/atmel/atmel toolchain/avr8 gcc/native/3.4.1051/avr8-gnu-toolchain/bin/../lib/gcc/avr/4.8.1/../../../../avr/lib/avrxmega2\libm.a(addsf3x.o) (__fp_inf)
c:/program files (x86)/atmel/atmel toolchain/avr8 gcc/native/3.4.1051/avr8-gnu-toolchain/bin/../lib/gcc/avr/4.8.1/../../../../avr/lib/avrxmega2\libm.a(fp_nan.o)
                              c:/program files (x86)/atmel/atmel toolchain/avr8 gcc/native/3.4.1051/avr8-gnu-toolchain/bin/../lib/gcc/avr/4.8.1/../../../../avr/lib/avrxmega2\libm.a(addsf3x.o) (__fp_nan)
c:/program files (x86)/atmel/atmel toolchain/avr8 gcc/native/3.4.1051/avr8-gnu-toolchain/bin/../lib/gcc/avr/4.8.1/../../../../avr/lib/avrxmega2\libm.a(fp_pscA.o)
                              c:/program files (x86)/atmel/atmel toolchain/avr8 gcc/native/3.4.1051/avr8-gnu-toolchain/bin/../lib/gcc/avr/4.8.1/../../../../avr/lib/avrxmega2\libm.a(addsf3x.o) (__fp_pscA)
c:/program files (x86)/atmel/atmel toolchain/avr8 gcc/native/3.4.1051/avr8-gnu-toolchain/bin/../lib/gcc/avr/4.8.1/../../../../avr/lib/avrxmega2\libm.a(fp_pscB.o)
                              c:/program files (x86)/atmel/atmel toolchain/avr8 gcc/native/3.4.1051/avr8-gnu-toolchain/bin/../lib/gcc/avr/4.8.1/../../../../avr/lib/avrxmega2\libm.a(addsf3x.o) (__fp_pscB)
[...]
Memory Configuration

Name             Origin             Length             Attributes
text             0x00000000         0x00100000         xr
data             0x00802000         0x0000ffa0         rw !x
eeprom           0x00810000         0x00010000         rw !x
fuse             0x00820000         0x00000400         rw !x
lock             0x00830000         0x00000400         rw !x
signature        0x00840000         0x00000400         rw !x
user_signatures  0x00850000         0x00000400         rw !x
*default*        0x00000000         0xffffffff

Linker script and memory map

LOAD c:/program files (x86)/atmel/atmel toolchain/avr8 gcc/native/3.4.1051/avr8-gnu-toolchain/bin/../lib/gcc/avr/4.8.1/../../../../avr/lib/avrxmega2/crtx32a4u.o
LOAD src/asf/common/boards/user_board/init.o
LOAD src/asf/common/services/clock/xmega/sysclk.o
LOAD src/asf/common/services/hugemem/avr8/avr8_hugemem.o
LOAD src/asf/common/services/ioport/xmega/ioport_compat.o
LOAD src/asf/xmega/drivers/adc/adc.o
LOAD src/asf/xmega/drivers/adc/xmega_aau/adc_aau.o
LOAD src/asf/xmega/drivers/dma/dma.o
LOAD src/asf/xmega/drivers/rtc/rtc.o
LOAD src/asf/xmega/drivers/tc/tc.o
LOAD src/asf/xmega/drivers/usart/usart.o
LOAD src/asf/xmega/drivers/wdt/wdt.o
LOAD src/asf/xmega/services/timeout/timeout.o
LOAD src/linsin.o
LOAD src/main.o
LOAD src/asf/common/services/sleepmgr/xmega/sleepmgr.o
LOAD src/asf/xmega/drivers/usb/usb_device.o
LOAD src/asf/common/services/usb/class/cdc/device/udi_cdc.o
LOAD src/asf/common/services/usb/class/cdc/device/udi_cdc_desc.o
LOAD src/asf/common/services/usb/udc/udc.o
LOAD src/asf/xmega/drivers/cpu/ccp.o
LOAD src/asf/xmega/drivers/nvm/nvm.o
LOAD src/asf/xmega/drivers/nvm/nvm_asm.o
START GROUP
END GROUP
START GROUP
LOAD c:/program files (x86)/atmel/atmel toolchain/avr8 gcc/native/3.4.1051/avr8-gnu-toolchain/bin/../lib/gcc/avr/4.8.1/avrxmega2\libgcc.a
LOAD c:/program files (x86)/atmel/atmel toolchain/avr8 gcc/native/3.4.1051/avr8-gnu-toolchain/bin/../lib/gcc/avr/4.8.1/../../../../avr/lib/avrxmega2\libm.a
LOAD c:/program files (x86)/atmel/atmel toolchain/avr8 gcc/native/3.4.1051/avr8-gnu-toolchain/bin/../lib/gcc/avr/4.8.1/../../../../avr/lib/avrxmega2\libc.a
END GROUP

.hash
 *(.hash)

.dynsym
 *(.dynsym)

.dynstr
 *(.dynstr)

.gnu.version
 *(.gnu.version)

.gnu.version_d
 *(.gnu.version_d)

.gnu.version_r
 *(.gnu.version_r)

.rel.init
 *(.rel.init)

.rela.init
 *(.rela.init)

.rel.text
 *(.rel.text)
 *(.rel.text.*)
 *(.rel.gnu.linkonce.t*)

.rela.text
 *(.rela.text)
 *(.rela.text.*)
 *(.rela.gnu.linkonce.t*)

.rel.fini
 *(.rel.fini)

.rela.fini
 *(.rela.fini)

.rel.rodata
 *(.rel.rodata)
 *(.rel.rodata.*)
 *(.rel.gnu.linkonce.r*)

.rela.rodata
 *(.rela.rodata)
 *(.rela.rodata.*)
 *(.rela.gnu.linkonce.r*)

.rel.data
 *(.rel.data)
 *(.rel.data.*)
 *(.rel.gnu.linkonce.d*)

.rela.data
 *(.rela.data)
 *(.rela.data.*)
 *(.rela.gnu.linkonce.d*)

.rel.ctors
 *(.rel.ctors)

.rela.ctors
 *(.rela.ctors)

.rel.dtors
 *(.rel.dtors)

.rela.dtors
 *(.rela.dtors)

.rel.got
 *(.rel.got)

.rela.got
 *(.rela.got)

.rel.bss
 *(.rel.bss)

.rela.bss
 *(.rela.bss)

.rel.plt
 *(.rel.plt)

.rela.plt
 *(.rela.plt)

.text           0x00000000     0x4d74
 *(.vectors)
 .vectors       0x00000000      0x1fc c:/program files (x86)/atmel/atmel toolchain/avr8 gcc/native/3.4.1051/avr8-gnu-toolchain/bin/../lib/gcc/avr/4.8.1/../../../../avr/lib/avrxmega2/crtx32a4u.o
                0x00000000                __vector_default
                0x00000000                __vectors
 *(.vectors)
 *(.progmem.gcc*)
 .progmem.gcc_sw_table.read_USB
                0x000001fc       0xd4 src/main.o
 .progmem.gcc_sw_table.udd_ep_get_size
                0x000002d0        0xe src/asf/xmega/drivers/usb/usb_device.o
                0x000002de                . = ALIGN (0x2)
                0x000002de                __trampolines_start = .
 *(.trampolines)
 .trampolines   0x000002de        0x0 linker stubs
 *(.trampolines*)
                0x000002de                __trampolines_end = .
 *(.progmem*)
 .progmem.data.linsin_tab
                0x000002de       0xb6 src/linsin.o
                0x00000394                . = ALIGN (0x2)
 *(.jumptables)
 *(.jumptables*)
 *(.lowtext)
 *(.lowtext*)
                0x00000394                __ctors_start = .
 *(.ctors)
                0x00000394                __ctors_end = .
                0x00000394                __dtors_start = .
 *(.dtors)
                0x00000394                __dtors_end = .
 SORT(*)(.ctors)
 SORT(*)(.dtors)
 *(.init0)
 .init0         0x00000394        0x0 c:/program files (x86)/atmel/atmel toolchain/avr8 gcc/native/3.4.1051/avr8-gnu-toolchain/bin/../lib/gcc/avr/4.8.1/../../../../avr/lib/avrxmega2/crtx32a4u.o
                0x00000394                __init
 *(.init0)
 *(.init1)
 *(.init1)
 *(.init2)
 .init2         0x00000394        0xc c:/program files (x86)/atmel/atmel toolchain/avr8 gcc/native/3.4.1051/avr8-gnu-toolchain/bin/../lib/gcc/avr/4.8.1/../../../../avr/lib/avrxmega2/crtx32a4u.o
 *(.init2)
 *(.init3)
 *(.init3)
 *(.init4)
 .init4         0x000003a0       0x16 c:/program files (x86)/atmel/atmel toolchain/avr8 gcc/native/3.4.1051/avr8-gnu-toolchain/bin/../lib/gcc/avr/4.8.1/avrxmega2\libgcc.a(_copy_data.o)
                0x000003a0                __do_copy_data
 .init4         0x000003b6       0x10 c:/program files (x86)/atmel/atmel toolchain/avr8 gcc/native/3.4.1051/avr8-gnu-toolchain/bin/../lib/gcc/avr/4.8.1/avrxmega2\libgcc.a(_clear_bss.o)
                0x000003b6                __do_clear_bss
 *(.init4)
 *(.init5)
 *(.init5)
 *(.init6)
 *(.init6)
 *(.init7)
 *(.init7)
 *(.init8)
 *(.init8)
 *(.init9)
 .init9         0x000003c6        0x8 c:/program files (x86)/atmel/atmel toolchain/avr8 gcc/native/3.4.1051/avr8-gnu-toolchain/bin/../lib/gcc/avr/4.8.1/../../../../avr/lib/avrxmega2/crtx32a4u.o
 *(.init9)
 *(.text)
 .text          0x000003ce        0x2 c:/program files (x86)/atmel/atmel toolchain/avr8 gcc/native/3.4.1051/avr8-gnu-toolchain/bin/../lib/gcc/avr/4.8.1/../../../../avr/lib/avrxmega2/crtx32a4u.o
                0x000003ce                __vector_38
                0x000003ce                __vector_104
                0x000003ce                __vector_63
                0x000003ce                __vector_28
                0x000003ce                __vector_67
                0x000003ce                __vector_1
                0x000003ce                __vector_119
                0x000003ce                __vector_32
                0x000003ce                __vector_75
                0x000003ce                __vector_91
                0x000003ce                __vector_34
                0x000003ce                __vector_62
                0x000003ce                __vector_102
                0x000003ce                __vector_24
                0x000003ce                __vector_12
                0x000003ce                __vector_55
                0x000003ce                __vector_69
                0x000003ce                __vector_90
                0x000003ce                __vector_46
                0x000003ce                __bad_interrupt
                0x000003ce                __vector_122
                0x000003ce                __vector_114
                0x000003ce                __vector_110
                0x000003ce                __vector_31
                0x000003ce                __vector_92
                0x000003ce                __vector_35
                0x000003ce                __vector_117
                0x000003ce                __vector_39
                0x000003ce                __vector_107
                0x000003ce                __vector_3
                0x000003ce                __vector_105
                0x000003ce                __vector_98
                0x000003ce                __vector_68
                0x000003ce                __vector_30
                0x000003ce                __vector_45
                0x000003ce                __vector_25
                0x000003ce                __vector_93
                0x000003ce                __vector_61
                0x000003ce                __vector_54
                0x000003ce                __vector_99
                0x000003ce                __vector_13
                0x000003ce                __vector_56
                0x000003ce                __vector_123
                0x000003ce                __vector_41
                0x000003ce                __vector_100
                0x000003ce                __vector_101
                0x000003ce                __vector_88
                0x000003ce                __vector_109
                0x000003ce                __vector_43
                0x000003ce                __vector_27
                0x000003ce                __vector_5
                0x000003ce                __vector_113
                0x000003ce                __vector_33
                0x000003ce                __vector_76
                0x000003ce                __vector_115
                0x000003ce                __vector_37
                0x000003ce                __vector_95
                0x000003ce                __vector_103
                0x000003ce                __vector_96
                0x000003ce                __vector_89
                0x000003ce                __vector_108
                0x000003ce                __vector_4
                0x000003ce                __vector_44
                0x000003ce                __vector_106
                0x000003ce                __vector_118
                0x000003ce                __vector_2
                0x000003ce                __vector_66
                0x000003ce                __vector_36
                0x000003ce                __vector_58
                0x000003ce                __vector_70
                0x000003ce                __vector_29
                0x000003ce                __vector_60
                0x000003ce                __vector_121
                0x000003ce                __vector_40
                0x000003ce                __vector_94
                0x000003ce                __vector_26
                0x000003ce                __vector_124
                0x000003ce                __vector_116
                0x000003ce                __vector_112
                0x000003ce                __vector_111
                0x000003ce                __vector_57
                0x000003ce                __vector_53
                0x000003ce                __vector_59
                0x000003ce                __vector_97
                0x000003ce                __vector_42
                0x000003ce                __vector_87
                0x000003ce                __vector_65
                0x000003ce                __vector_120
                0x000003d0                . = ALIGN (0x2)
 *(.text.*)
 .text.usart_init_spi_pull_up
                0x000003d0      0x2ee src/asf/common/boards/user_board/init.o
                0x000003d0                usart_init_spi_pull_up
 .text.board_init
                0x000006be      0x1f4 src/asf/common/boards/user_board/init.o
                0x000006be                board_init
 .text.sysclk_init
                0x000008b2       0xb8 src/asf/common/services/clock/xmega/sysclk.o
                0x000008b2                sysclk_init
 .text.sysclk_enable_module
                0x0000096a       0x18 src/asf/common/services/clock/xmega/sysclk.o
                0x0000096a                sysclk_enable_module
 .text.sysclk_disable_module
                0x00000982       0x16 src/asf/common/services/clock/xmega/sysclk.o
                0x00000982                sysclk_disable_module
 .text.sysclk_enable_usb
                0x00000998       0x6e src/asf/common/services/clock/xmega/sysclk.o
                0x00000998                sysclk_enable_usb
 .text.adc_set_callback
                0x00000a06       0x16 src/asf/xmega/drivers/adc/adc.o
                0x00000a06                adc_set_callback
 .text.adc_enable_clock
                0x00000a1c       0x1e src/asf/xmega/drivers/adc/adc.o
                0x00000a1c                adc_enable_clock
 .text.adc_disable_clock
                0x00000a3a       0x1c src/asf/xmega/drivers/adc/adc.o
                0x00000a3a                adc_disable_clock
 .text.adc_enable
                0x00000a56       0x2e src/asf/xmega/drivers/adc/adc.o
                0x00000a56                adc_enable
 .text.adc_disable
                0x00000a84       0x26 src/asf/xmega/drivers/adc/adc.o
                0x00000a84                adc_disable
 .text.__vector_71
                0x00000aaa       0x5c src/asf/xmega/drivers/adc/xmega_aau/adc_aau.o
                0x00000aaa                __vector_71
 .text.__vector_72
                0x00000b06       0x5c src/asf/xmega/drivers/adc/xmega_aau/adc_aau.o
                0x00000b06                __vector_72
 .text.__vector_73
                0x00000b62       0x5c src/asf/xmega/drivers/adc/xmega_aau/adc_aau.o
                0x00000b62                __vector_73
 .text.__vector_74
                0x00000bbe       0x5c src/asf/xmega/drivers/adc/xmega_aau/adc_aau.o
                0x00000bbe                __vector_74
 .text.adc_write_configuration
                0x00000c1a       0x84 src/asf/xmega/drivers/adc/xmega_aau/adc_aau.o
                0x00000c1a                adc_write_configuration
 .text.adc_read_configuration
                0x00000c9e       0x46 src/asf/xmega/drivers/adc/xmega_aau/adc_aau.o
                0x00000c9e                adc_read_configuration
 .text.adcch_write_configuration
                0x00000ce4       0x72 src/asf/xmega/drivers/adc/xmega_aau/adc_aau.o
                0x00000ce4                adcch_write_configuration
 .text.adcch_read_configuration
                0x00000d56       0x74 src/asf/xmega/drivers/adc/xmega_aau/adc_aau.o
                0x00000d56                adcch_read_configuration
 .text.dma_interrupt
                0x00000dca       0xc4 src/asf/xmega/drivers/dma/dma.o
 .text.dma_enable
                0x00000e8e       0x24 src/asf/xmega/drivers/dma/dma.o
                0x00000e8e                dma_enable
 .text.dma_set_callback
                0x00000eb2       0x12 src/asf/xmega/drivers/dma/dma.o
                0x00000eb2                dma_set_callback
 .text.__vector_6
                0x00000ec4       0x48 src/asf/xmega/drivers/dma/dma.o
                0x00000ec4                __vector_6
 .text.__vector_7
                0x00000f0c       0x48 src/asf/xmega/drivers/dma/dma.o
                0x00000f0c                __vector_7
 .text.__vector_8
                0x00000f54       0x48 src/asf/xmega/drivers/dma/dma.o
                0x00000f54                __vector_8
 .text.__vector_9
                0x00000f9c       0x48 src/asf/xmega/drivers/dma/dma.o
                0x00000f9c                __vector_9
 .text.dma_channel_write_config
                0x00000fe4       0x72 src/asf/xmega/drivers/dma/dma.o
                0x00000fe4                dma_channel_write_config
 .text.rtc_get_time
                0x00001056       0x56 src/asf/xmega/drivers/rtc/rtc.o
                0x00001056                rtc_get_time
 .text.rtc_set_alarm
                0x000010ac       0x30 src/asf/xmega/drivers/rtc/rtc.o
                0x000010ac                rtc_set_alarm
 .text.rtc_set_callback
                0x000010dc        0xa src/asf/xmega/drivers/rtc/rtc.o
                0x000010dc                rtc_set_callback
 .text.rtc_init
                0x000010e6       0x34 src/asf/xmega/drivers/rtc/rtc.o
                0x000010e6                rtc_init
 .text.__vector_10
                0x0000111a       0x32 src/asf/xmega/drivers/rtc/rtc.o
                0x0000111a                __vector_10
 .text.__vector_11
                0x0000114c       0xee src/asf/xmega/drivers/rtc/rtc.o
                0x0000114c                __vector_11
 .text.__vector_14
                0x0000123a       0x52 src/asf/xmega/drivers/tc/tc.o
                0x0000123a                __vector_14
 .text.__vector_15
                0x0000128c       0x52 src/asf/xmega/drivers/tc/tc.o
                0x0000128c                __vector_15
 .text.__vector_16
                0x000012de       0x52 src/asf/xmega/drivers/tc/tc.o
                0x000012de                __vector_16
 .text.__vector_17
                0x00001330       0x52 src/asf/xmega/drivers/tc/tc.o
                0x00001330                __vector_17
 .text.__vector_18
                0x00001382       0x52 src/asf/xmega/drivers/tc/tc.o
                0x00001382                __vector_18
 .text.__vector_19
                0x000013d4       0x52 src/asf/xmega/drivers/tc/tc.o
                0x000013d4                __vector_19
 .text.__vector_20
                0x00001426       0x52 src/asf/xmega/drivers/tc/tc.o
                0x00001426                __vector_20
 .text.__vector_21
                0x00001478       0x52 src/asf/xmega/drivers/tc/tc.o
                0x00001478                __vector_21
 .text.__vector_22
                0x000014ca       0x52 src/asf/xmega/drivers/tc/tc.o
                0x000014ca                __vector_22
 .text.__vector_23
                0x0000151c       0x52 src/asf/xmega/drivers/tc/tc.o
                0x0000151c                __vector_23
 .text.__vector_77
                0x0000156e       0x52 src/asf/xmega/drivers/tc/tc.o
                0x0000156e                __vector_77
 .text.__vector_78
                0x000015c0       0x52 src/asf/xmega/drivers/tc/tc.o
                0x000015c0                __vector_78
 .text.__vector_79
                0x00001612       0x52 src/asf/xmega/drivers/tc/tc.o
                0x00001612                __vector_79
 .text.__vector_80
                0x00001664       0x52 src/asf/xmega/drivers/tc/tc.o
                0x00001664                __vector_80
 .text.__vector_81
                0x000016b6       0x52 src/asf/xmega/drivers/tc/tc.o
                0x000016b6                __vector_81
 .text.__vector_82
                0x00001708       0x52 src/asf/xmega/drivers/tc/tc.o
                0x00001708                __vector_82
 .text.__vector_83
                0x0000175a       0x52 src/asf/xmega/drivers/tc/tc.o
                0x0000175a                __vector_83
 .text.__vector_84
                0x000017ac       0x52 src/asf/xmega/drivers/tc/tc.o
                0x000017ac                __vector_84
 .text.__vector_85
                0x000017fe       0x52 src/asf/xmega/drivers/tc/tc.o
                0x000017fe                __vector_85
 .text.__vector_86
                0x00001850       0x52 src/asf/xmega/drivers/tc/tc.o
                0x00001850                __vector_86
 .text.__vector_47
                0x000018a2       0x52 src/asf/xmega/drivers/tc/tc.o
                0x000018a2                __vector_47
 .text.__vector_48
                0x000018f4       0x52 src/asf/xmega/drivers/tc/tc.o
                0x000018f4                __vector_48
 .text.__vector_49
                0x00001946       0x52 src/asf/xmega/drivers/tc/tc.o
                0x00001946                __vector_49
 .text.__vector_50
                0x00001998       0x52 src/asf/xmega/drivers/tc/tc.o
                0x00001998                __vector_50
 .text.__vector_51
                0x000019ea       0x52 src/asf/xmega/drivers/tc/tc.o
                0x000019ea                __vector_51
 .text.__vector_52
                0x00001a3c       0x52 src/asf/xmega/drivers/tc/tc.o
                0x00001a3c                __vector_52
 .text.tc_enable
                0x00001a8e       0xa4 src/asf/xmega/drivers/tc/tc.o
                0x00001a8e                tc_enable
 .text.tc_set_overflow_interrupt_callback
                0x00001b32       0x58 src/asf/xmega/drivers/tc/tc.o
                0x00001b32                tc_set_overflow_interrupt_callback
 .text.usart_spi_set_baudrate
                0x00001b8a       0x64 src/asf/xmega/drivers/usart/usart.o
                0x00001b8a                usart_spi_set_baudrate
 .text.linsin_360
                0x00001bee       0x68 src/linsin.o
                0x00001bee                linsin_360
 .text.ADCA_CH3_int
                0x00001c56      0x276 src/main.o
                0x00001c56                ADCA_CH3_int
 .text.TCD1_OVF_int
                0x00001ecc       0x34 src/main.o
                0x00001ecc                TCD1_OVF_int
 .text.DMA_Led_int
                0x00001f00       0x32 src/main.o
                0x00001f00                DMA_Led_int
 .text.callback_init
                0x00001f32       0x2e src/main.o
                0x00001f32                callback_init
 .text.power_down
                0x00001f60       0x90 src/main.o
                0x00001f60                power_down
 .text.status_led_update
                0x00001ff0       0xfc src/main.o
                0x00001ff0                status_led_update
 .text.status_led_blink
                0x000020ec       0x2a src/main.o
                0x000020ec                status_led_blink
 .text.read_settings
                0x00002116       0x12 src/main.o
                0x00002116                read_settings
 .text.gamma_map
                0x00002128       0x74 src/main.o
                0x00002128                gamma_map
 .text.hsv_to_rgb
                0x0000219c       0x98 src/main.o
                0x0000219c                hsv_to_rgb
 .text.Mood_Lamp
                0x00002234       0x78 src/main.o
                0x00002234                Mood_Lamp
 .text.Rainbow  0x000022ac       0xac src/main.o
                0x000022ac                Rainbow
 .text.Colorswirl
                0x00002358      0x164 src/main.o
                0x00002358                Colorswirl
 .text.dma_init
                0x000024bc       0xa0 src/main.o
                0x000024bc                dma_init
 .text.SetupDMA
                0x0000255c       0x40 src/main.o
                0x0000255c                SetupDMA
 .text.mode_update
                0x0000259c       0x34 src/main.o
                0x0000259c                mode_update
 .text.button_update
                0x000025d0       0x72 src/main.o
                0x000025d0                button_update
 .text.RTC_Alarm
                0x00002642      0x1aa src/main.o
                0x00002642                RTC_Alarm
 .text.SPI_start
                0x000027ec       0x36 src/main.o
                0x000027ec                SPI_start
 .text.__vector_64
                0x00002822       0x54 src/main.o
                0x00002822                __vector_64
 .text.main_cdc_rx_notify
                0x00002876        0x8 src/main.o
                0x00002876                main_cdc_rx_notify
 .text.get_USB_char
                0x0000287e       0x36 src/main.o
                0x0000287e                get_USB_char
 .text.read_USB
                0x000028b4      0x31c src/main.o
                0x000028b4                read_USB
 .text.main     0x00002bd0      0x100 src/main.o
                0x00002bd0                main
 .text.udd_sleep_mode
                0x00002cd0       0x3e src/asf/xmega/drivers/usb/usb_device.o
 .text.udd_ctrl_init
                0x00002d0e       0x56 src/asf/xmega/drivers/usb/usb_device.o
 .text.udd_ctrl_stall_data
                0x00002d64       0x1c src/asf/xmega/drivers/usb/usb_device.o
 .text.udd_ctrl_send_zlp_in
                0x00002d80       0x1c src/asf/xmega/drivers/usb/usb_device.o
 .text.udd_ctrl_endofrequest
                0x00002d9c       0x10 src/asf/xmega/drivers/usb/usb_device.o
 .text.udd_ctrl_in_sent
                0x00002dac       0xdc src/asf/xmega/drivers/usb/usb_device.o
 .text.udd_ep_get_size
                0x00002e88       0x4a src/asf/xmega/drivers/usb/usb_device.o
 .text.udd_ep_get_job
                0x00002ed2       0x36 src/asf/xmega/drivers/usb/usb_device.o
 .text.udd_ctrl_interrupt_tc_setup
                0x00002f08       0xe0 src/asf/xmega/drivers/usb/usb_device.o
 .text.udd_ep_trans_complet
                0x00002fe8      0x228 src/asf/xmega/drivers/usb/usb_device.o
 .text.udd_include_vbus_monitoring
                0x00003210        0x4 src/asf/xmega/drivers/usb/usb_device.o
                0x00003210                udd_include_vbus_monitoring
 .text.udd_attach
                0x00003214       0x46 src/asf/xmega/drivers/usb/usb_device.o
                0x00003214                udd_attach
 .text.udd_enable
                0x0000325a       0xe8 src/asf/xmega/drivers/usb/usb_device.o
                0x0000325a                udd_enable
 .text.udd_detach
                0x00003342        0xc src/asf/xmega/drivers/usb/usb_device.o
                0x00003342                udd_detach
 .text.udd_is_high_speed
                0x0000334e        0x4 src/asf/xmega/drivers/usb/usb_device.o
                0x0000334e                udd_is_high_speed
 .text.udd_set_address
                0x00003352        0x6 src/asf/xmega/drivers/usb/usb_device.o
                0x00003352                udd_set_address
 .text.udd_getaddress
                0x00003358        0x6 src/asf/xmega/drivers/usb/usb_device.o
                0x00003358                udd_getaddress
 .text.udd_get_frame_number
                0x0000335e        0xa src/asf/xmega/drivers/usb/usb_device.o
                0x0000335e                udd_get_frame_number
 .text.udd_get_micro_frame_number
                0x00003368        0x6 src/asf/xmega/drivers/usb/usb_device.o
                0x00003368                udd_get_micro_frame_number
 .text.udd_set_setup_payload
                0x0000336e       0x12 src/asf/xmega/drivers/usb/usb_device.o
                0x0000336e                udd_set_setup_payload
 .text.udd_ep_alloc
                0x00003380       0xc2 src/asf/xmega/drivers/usb/usb_device.o
                0x00003380                udd_ep_alloc
 .text.udd_ep_is_halted
                0x00003442       0x36 src/asf/xmega/drivers/usb/usb_device.o
                0x00003442                udd_ep_is_halted
 .text.udd_ep_clear_halt
                0x00003478       0x54 src/asf/xmega/drivers/usb/usb_device.o
                0x00003478                udd_ep_clear_halt
 .text.udd_ep_run
                0x000034cc      0x110 src/asf/xmega/drivers/usb/usb_device.o
                0x000034cc                udd_ep_run
 .text.udd_ep_abort
                0x000035dc       0x72 src/asf/xmega/drivers/usb/usb_device.o
                0x000035dc                udd_ep_abort
 .text.udd_ep_free
                0x0000364e       0x3a src/asf/xmega/drivers/usb/usb_device.o
                0x0000364e                udd_ep_free
 .text.udd_ep_set_halt
                0x00003688       0x42 src/asf/xmega/drivers/usb/usb_device.o
                0x00003688                udd_ep_set_halt
 .text.__vector_125
                0x000036ca      0x168 src/asf/xmega/drivers/usb/usb_device.o
                0x000036ca                __vector_125
 .text.__vector_126
                0x00003832      0x1d4 src/asf/xmega/drivers/usb/usb_device.o
                0x00003832                __vector_126
 .text.udi_cdc_comm_enable
                0x00003a06       0x70 src/asf/common/services/usb/class/cdc/device/udi_cdc.o
                0x00003a06                udi_cdc_comm_enable
 .text.udi_cdc_comm_disable
                0x00003a76        0xc src/asf/common/services/usb/class/cdc/device/udi_cdc.o
                0x00003a76                udi_cdc_comm_disable
 .text.udi_cdc_data_disable
                0x00003a82       0x14 src/asf/common/services/usb/class/cdc/device/udi_cdc.o
                0x00003a82                udi_cdc_data_disable
 .text.udi_cdc_data_setup
                0x00003a96        0x4 src/asf/common/services/usb/class/cdc/device/udi_cdc.o
                0x00003a96                udi_cdc_data_setup
 .text.udi_cdc_getsetting
                0x00003a9a        0x4 src/asf/common/services/usb/class/cdc/device/udi_cdc.o
                0x00003a9a                udi_cdc_getsetting
 .text.udi_cdc_comm_setup
                0x00003a9e       0xa0 src/asf/common/services/usb/class/cdc/device/udi_cdc.o
                0x00003a9e                udi_cdc_comm_setup
 .text.udi_cdc_line_coding_received
                0x00003b3e        0x2 src/asf/common/services/usb/class/cdc/device/udi_cdc.o
 .text.udi_cdc_tx_send
                0x00003b40      0x144 src/asf/common/services/usb/class/cdc/device/udi_cdc.o
 .text.udi_cdc_data_sent
                0x00003c84       0x30 src/asf/common/services/usb/class/cdc/device/udi_cdc.o
 .text.udi_cdc_data_sof_notify
                0x00003cb4        0x6 src/asf/common/services/usb/class/cdc/device/udi_cdc.o
                0x00003cb4                udi_cdc_data_sof_notify
 .text.udi_cdc_multi_get_nb_received_data
                0x00003cba       0x26 src/asf/common/services/usb/class/cdc/device/udi_cdc.o
                0x00003cba                udi_cdc_multi_get_nb_received_data
 .text.udi_cdc_multi_is_rx_ready
                0x00003ce0        0xe src/asf/common/services/usb/class/cdc/device/udi_cdc.o
                0x00003ce0                udi_cdc_multi_is_rx_ready
 .text.udi_cdc_rx_start
                0x00003cee       0x96 src/asf/common/services/usb/class/cdc/device/udi_cdc.o
 .text.udi_cdc_data_enable
                0x00003d84       0x64 src/asf/common/services/usb/class/cdc/device/udi_cdc.o
                0x00003d84                udi_cdc_data_enable
 .text.udi_cdc_data_received
                0x00003de8       0x60 src/asf/common/services/usb/class/cdc/device/udi_cdc.o
 .text.udi_cdc_is_rx_ready
                0x00003e48        0x6 src/asf/common/services/usb/class/cdc/device/udi_cdc.o
                0x00003e48                udi_cdc_is_rx_ready
 .text.udi_cdc_multi_getc
                0x00003e4e       0x92 src/asf/common/services/usb/class/cdc/device/udi_cdc.o
                0x00003e4e                udi_cdc_multi_getc
 .text.udi_cdc_getc
                0x00003ee0        0x6 src/asf/common/services/usb/class/cdc/device/udi_cdc.o
                0x00003ee0                udi_cdc_getc
 .text.udi_cdc_multi_read_buf
                0x00003ee6       0xb2 src/asf/common/services/usb/class/cdc/device/udi_cdc.o
                0x00003ee6                udi_cdc_multi_read_buf
 .text.udi_cdc_read_buf
                0x00003f98        0xa src/asf/common/services/usb/class/cdc/device/udi_cdc.o
                0x00003f98                udi_cdc_read_buf
 .text.udi_cdc_multi_get_free_tx_buffer
                0x00003fa2       0x66 src/asf/common/services/usb/class/cdc/device/udi_cdc.o
                0x00003fa2                udi_cdc_multi_get_free_tx_buffer
 .text.udi_cdc_multi_is_tx_ready
                0x00004008        0xe src/asf/common/services/usb/class/cdc/device/udi_cdc.o
                0x00004008                udi_cdc_multi_is_tx_ready
 .text.udi_cdc_multi_putc
                0x00004016       0x8a src/asf/common/services/usb/class/cdc/device/udi_cdc.o
                0x00004016                udi_cdc_multi_putc
 .text.udi_cdc_putc
                0x000040a0        0x8 src/asf/common/services/usb/class/cdc/device/udi_cdc.o
                0x000040a0                udi_cdc_putc
 .text.udi_cdc_multi_write_buf
                0x000040a8       0xd2 src/asf/common/services/usb/class/cdc/device/udi_cdc.o
                0x000040a8                udi_cdc_multi_write_buf
 .text.udi_cdc_write_buf
                0x0000417a        0xa src/asf/common/services/usb/class/cdc/device/udi_cdc.o
                0x0000417a                udi_cdc_write_buf
 .text.udc_next_desc_in_iface
                0x00004184       0x6a src/asf/common/services/usb/udc/udc.o
 .text.udc_valid_address
                0x000041ee        0xa src/asf/common/services/usb/udc/udc.o
 .text.udc_update_iface_desc
                0x000041f8       0x74 src/asf/common/services/usb/udc/udc.o
 .text.udc_iface_disable
                0x0000426c       0x82 src/asf/common/services/usb/udc/udc.o
 .text.udc_iface_enable
                0x000042ee       0x64 src/asf/common/services/usb/udc/udc.o
 .text.udc_start
                0x00004352        0x6 src/asf/common/services/usb/udc/udc.o
                0x00004352                udc_start
 .text.udc_reset
                0x00004358       0x4e src/asf/common/services/usb/udc/udc.o
                0x00004358                udc_reset
 .text.udc_sof_notify
                0x000043a6       0x5e src/asf/common/services/usb/udc/udc.o
                0x000043a6                udc_sof_notify
 .text.udc_process_setup
                0x00004404      0x594 src/asf/common/services/usb/udc/udc.o
                0x00004404                udc_process_setup
 .text.ccp_write_io
                0x00004998        0xc src/asf/xmega/drivers/cpu/ccp.o
                0x00004998                ccp_write_io
 .text.nvm_eeprom_read_buffer
                0x000049a4       0x2e src/asf/xmega/drivers/nvm/nvm.o
                0x000049a4                nvm_eeprom_read_buffer
 .text.nvm_read_byte
                0x000049d2       0x14 src/asf/xmega/drivers/nvm/nvm_asm.o
                0x000049d2                nvm_read_byte
 .text.libgcc.div
                0x000049e6       0x28 c:/program files (x86)/atmel/atmel toolchain/avr8 gcc/native/3.4.1051/avr8-gnu-toolchain/bin/../lib/gcc/avr/4.8.1/avrxmega2\libgcc.a(_udivmodhi4.o)
                0x000049e6                __udivmodhi4
 .text.libgcc.div
                0x00004a0e       0x44 c:/program files (x86)/atmel/atmel toolchain/avr8 gcc/native/3.4.1051/avr8-gnu-toolchain/bin/../lib/gcc/avr/4.8.1/avrxmega2\libgcc.a(_udivmodsi4.o)
                0x00004a0e                __udivmodsi4
 .text.libgcc.div
                0x00004a52       0x28 c:/program files (x86)/atmel/atmel toolchain/avr8 gcc/native/3.4.1051/avr8-gnu-toolchain/bin/../lib/gcc/avr/4.8.1/avrxmega2\libgcc.a(_divmodsi4.o)
                0x00004a52                __divmodsi4
 .text.libgcc.div
                0x00004a7a       0x10 c:/program files (x86)/atmel/atmel toolchain/avr8 gcc/native/3.4.1051/avr8-gnu-toolchain/bin/../lib/gcc/avr/4.8.1/avrxmega2\libgcc.a(_negsi2.o)
                0x00004a7a                __negsi2
 .text.libgcc   0x00004a8a        0xc c:/program files (x86)/atmel/atmel toolchain/avr8 gcc/native/3.4.1051/avr8-gnu-toolchain/bin/../lib/gcc/avr/4.8.1/avrxmega2\libgcc.a(_tablejump.o)
                0x00004a8a                __tablejump2__
                0x00004a8e                __tablejump__
 .text.libgcc.mul
                0x00004a96       0x1e c:/program files (x86)/atmel/atmel toolchain/avr8 gcc/native/3.4.1051/avr8-gnu-toolchain/bin/../lib/gcc/avr/4.8.1/avrxmega2\libgcc.a(_umulhisi3.o)
                0x00004a96                __umulhisi3
 .text.libgcc.mul
                0x00004ab4       0x14 c:/program files (x86)/atmel/atmel toolchain/avr8 gcc/native/3.4.1051/avr8-gnu-toolchain/bin/../lib/gcc/avr/4.8.1/avrxmega2\libgcc.a(_muluhisi3.o)
                0x00004ab4                __muluhisi3
 .text.avr-libc.fplib
                0x00004ac8        0xa c:/program files (x86)/atmel/atmel toolchain/avr8 gcc/native/3.4.1051/avr8-gnu-toolchain/bin/../lib/gcc/avr/4.8.1/../../../../avr/lib/avrxmega2\libm.a(addsf3.o)
                0x00004ac8                __subsf3
                0x00004aca                __addsf3
 .text.avr-libc.fplib
                0x00004ad2       0xc0 c:/program files (x86)/atmel/atmel toolchain/avr8 gcc/native/3.4.1051/avr8-gnu-toolchain/bin/../lib/gcc/avr/4.8.1/../../../../avr/lib/avrxmega2\libm.a(addsf3x.o)
                0x00004aec                __addsf3x
 .text.avr-libc.fplib
                0x00004b92       0x58 c:/program files (x86)/atmel/atmel toolchain/avr8 gcc/native/3.4.1051/avr8-gnu-toolchain/bin/../lib/gcc/avr/4.8.1/../../../../avr/lib/avrxmega2\libm.a(fixunssfsi.o)
                0x00004b92                __fixunssfsi
 .text.avr-libc.fplib
                0x00004bea       0x7a c:/program files (x86)/atmel/atmel toolchain/avr8 gcc/native/3.4.1051/avr8-gnu-toolchain/bin/../lib/gcc/avr/4.8.1/../../../../avr/lib/avrxmega2\libm.a(floatsisf.o)
                0x00004bea                __floatunsisf
                0x00004bee                __floatsisf
 .text.avr-libc.fplib
                0x00004c64        0xc c:/program files (x86)/atmel/atmel toolchain/avr8 gcc/native/3.4.1051/avr8-gnu-toolchain/bin/../lib/gcc/avr/4.8.1/../../../../avr/lib/avrxmega2\libm.a(fp_inf.o)
                0x00004c64                __fp_inf
 .text.avr-libc.fplib
                0x00004c70        0x6 c:/program files (x86)/atmel/atmel toolchain/avr8 gcc/native/3.4.1051/avr8-gnu-toolchain/bin/../lib/gcc/avr/4.8.1/../../../../avr/lib/avrxmega2\libm.a(fp_nan.o)
                0x00004c70                __fp_nan
 .text.avr-libc.fplib
                0x00004c76        0xe c:/program files (x86)/atmel/atmel toolchain/avr8 gcc/native/3.4.1051/avr8-gnu-toolchain/bin/../lib/gcc/avr/4.8.1/../../../../avr/lib/avrxmega2\libm.a(fp_pscA.o)
                0x00004c76                __fp_pscA
 .text.avr-libc.fplib
                0x00004c84        0xe c:/program files (x86)/atmel/atmel toolchain/avr8 gcc/native/3.4.1051/avr8-gnu-toolchain/bin/../lib/gcc/avr/4.8.1/../../../../avr/lib/avrxmega2\libm.a(fp_pscB.o)
                0x00004c84                __fp_pscB
 .text.avr-libc.fplib
                0x00004c92       0x22 c:/program files (x86)/atmel/atmel toolchain/avr8 gcc/native/3.4.1051/avr8-gnu-toolchain/bin/../lib/gcc/avr/4.8.1/../../../../avr/lib/avrxmega2\libm.a(fp_round.o)
                0x00004c92                __fp_round
 .text.avr-libc.fplib
                0x00004cb4       0x44 c:/program files (x86)/atmel/atmel toolchain/avr8 gcc/native/3.4.1051/avr8-gnu-toolchain/bin/../lib/gcc/avr/4.8.1/../../../../avr/lib/avrxmega2\libm.a(fp_split3.o)
                0x00004cb4                __fp_split3
                0x00004cc4                __fp_splitA
 .text.avr-libc.fplib
                0x00004cf8        0xe c:/program files (x86)/atmel/atmel toolchain/avr8 gcc/native/3.4.1051/avr8-gnu-toolchain/bin/../lib/gcc/avr/4.8.1/../../../../avr/lib/avrxmega2\libm.a(fp_zero.o)
                0x00004cf8                __fp_zero
                0x00004cfa                __fp_szero
 .text.avr-libc
                0x00004d06       0x12 c:/program files (x86)/atmel/atmel toolchain/avr8 gcc/native/3.4.1051/avr8-gnu-toolchain/bin/../lib/gcc/avr/4.8.1/../../../../avr/lib/avrxmega2\libc.a(memcpy.o)
                0x00004d06                memcpy
 .text.avr-libc
                0x00004d18       0x12 c:/program files (x86)/atmel/atmel toolchain/avr8 gcc/native/3.4.1051/avr8-gnu-toolchain/bin/../lib/gcc/avr/4.8.1/../../../../avr/lib/avrxmega2\libc.a(eewr_block_atxmega32a4u.o)
                0x00004d18                __eewr_block_x32a4u
 .text.avr-libc
                0x00004d2a       0x46 c:/program files (x86)/atmel/atmel toolchain/avr8 gcc/native/3.4.1051/avr8-gnu-toolchain/bin/../lib/gcc/avr/4.8.1/../../../../avr/lib/avrxmega2\libc.a(eewr_byte_atxmega32a4u.o)
                0x00004d2a                __eewr_byte_x32a4u
                0x00004d2c                __eewr_r18_x32a4u
                0x00004d70                . = ALIGN (0x2)
 *(.fini9)
 .fini9         0x00004d70        0x0 c:/program files (x86)/atmel/atmel toolchain/avr8 gcc/native/3.4.1051/avr8-gnu-toolchain/bin/../lib/gcc/avr/4.8.1/avrxmega2\libgcc.a(_exit.o)
                0x00004d70                _exit
                0x00004d70                exit
 *(.fini9)
 *(.fini8)
 *(.fini8)
 *(.fini7)
 *(.fini7)
 *(.fini6)
 *(.fini6)
 *(.fini5)
 *(.fini5)
 *(.fini4)
 *(.fini4)
 *(.fini3)
 *(.fini3)
 *(.fini2)
 *(.fini2)
 *(.fini1)
 *(.fini1)
 *(.fini0)
 .fini0         0x00004d70        0x4 c:/program files (x86)/atmel/atmel toolchain/avr8 gcc/native/3.4.1051/avr8-gnu-toolchain/bin/../lib/gcc/avr/4.8.1/avrxmega2\libgcc.a(_exit.o)
 *(.fini0)
                0x00004d74                _etext = .

.data           0x00802000      0x2bc load address 0x00004d74
                0x00802000                PROVIDE (__data_start, .)
 *(.data)
 .data          0x00802000        0x0 c:/program files (x86)/atmel/atmel toolchain/avr8 gcc/native/3.4.1051/avr8-gnu-toolchain/bin/../lib/gcc/avr/4.8.1/../../../../avr/lib/avrxmega2/crtx32a4u.o
 .data          0x00802000        0x0 src/asf/common/boards/user_board/init.o
 .data          0x00802000        0x0 src/asf/common/services/clock/xmega/sysclk.o
 .data          0x00802000        0x0 src/asf/common/services/hugemem/avr8/avr8_hugemem.o
 .data          0x00802000        0x0 src/asf/common/services/ioport/xmega/ioport_compat.o
 .data          0x00802000        0x0 src/asf/xmega/drivers/adc/adc.o
 .data          0x00802000        0x0 src/asf/xmega/drivers/adc/xmega_aau/adc_aau.o
 .data          0x00802000        0x0 src/asf/xmega/drivers/dma/dma.o
 .data          0x00802000        0x0 src/asf/xmega/drivers/rtc/rtc.o
 .data          0x00802000        0x0 src/asf/xmega/drivers/tc/tc.o
 .data          0x00802000        0x0 src/asf/xmega/drivers/usart/usart.o
 .data          0x00802000        0x0 src/asf/xmega/drivers/wdt/wdt.o
 .data          0x00802000        0x0 src/asf/xmega/services/timeout/timeout.o
 .data          0x00802000        0x0 src/linsin.o
 .data          0x00802000        0x0 src/main.o
 .data          0x00802000        0x0 src/asf/common/services/sleepmgr/xmega/sleepmgr.o
 .data          0x00802000        0x0 src/asf/xmega/drivers/usb/usb_device.o
 .data          0x00802000        0x0 src/asf/common/services/usb/class/cdc/device/udi_cdc.o
 .data          0x00802000        0x0 src/asf/common/services/usb/class/cdc/device/udi_cdc_desc.o
 .data          0x00802000        0x0 src/asf/common/services/usb/udc/udc.o
 .data          0x00802000        0x0 src/asf/xmega/drivers/cpu/ccp.o
 .data          0x00802000        0x0 src/asf/xmega/drivers/nvm/nvm.o
 .data          0x00802000        0x0 src/asf/xmega/drivers/nvm/nvm_asm.o
 .data          0x00802000        0x0 c:/program files (x86)/atmel/atmel toolchain/avr8 gcc/native/3.4.1051/avr8-gnu-toolchain/bin/../lib/gcc/avr/4.8.1/avrxmega2\libgcc.a(_udivmodhi4.o)
 .data          0x00802000        0x0 c:/program files (x86)/atmel/atmel toolchain/avr8 gcc/native/3.4.1051/avr8-gnu-toolchain/bin/../lib/gcc/avr/4.8.1/avrxmega2\libgcc.a(_udivmodsi4.o)
 .data          0x00802000        0x0 c:/program files (x86)/atmel/atmel toolchain/avr8 gcc/native/3.4.1051/avr8-gnu-toolchain/bin/../lib/gcc/avr/4.8.1/avrxmega2\libgcc.a(_divmodsi4.o)
 .data          0x00802000        0x0 c:/program files (x86)/atmel/atmel toolchain/avr8 gcc/native/3.4.1051/avr8-gnu-toolchain/bin/../lib/gcc/avr/4.8.1/avrxmega2\libgcc.a(_negsi2.o)
 .data          0x00802000        0x0 c:/program files (x86)/atmel/atmel toolchain/avr8 gcc/native/3.4.1051/avr8-gnu-toolchain/bin/../lib/gcc/avr/4.8.1/avrxmega2\libgcc.a(_exit.o)
 .data          0x00802000        0x0 c:/program files (x86)/atmel/atmel toolchain/avr8 gcc/native/3.4.1051/avr8-gnu-toolchain/bin/../lib/gcc/avr/4.8.1/avrxmega2\libgcc.a(_tablejump.o)
 .data          0x00802000        0x0 c:/program files (x86)/atmel/atmel toolchain/avr8 gcc/native/3.4.1051/avr8-gnu-toolchain/bin/../lib/gcc/avr/4.8.1/avrxmega2\libgcc.a(_copy_data.o)
 .data          0x00802000        0x0 c:/program files (x86)/atmel/atmel toolchain/avr8 gcc/native/3.4.1051/avr8-gnu-toolchain/bin/../lib/gcc/avr/4.8.1/avrxmega2\libgcc.a(_clear_bss.o)
 .data          0x00802000        0x0 c:/program files (x86)/atmel/atmel toolchain/avr8 gcc/native/3.4.1051/avr8-gnu-toolchain/bin/../lib/gcc/avr/4.8.1/avrxmega2\libgcc.a(_umulhisi3.o)
 .data          0x00802000        0x0 c:/program files (x86)/atmel/atmel toolchain/avr8 gcc/native/3.4.1051/avr8-gnu-toolchain/bin/../lib/gcc/avr/4.8.1/avrxmega2\libgcc.a(_muluhisi3.o)
 .data          0x00802000        0x0 c:/program files (x86)/atmel/atmel toolchain/avr8 gcc/native/3.4.1051/avr8-gnu-toolchain/bin/../lib/gcc/avr/4.8.1/../../../../avr/lib/avrxmega2\libm.a(addsf3.o)
 .data          0x00802000        0x0 c:/program files (x86)/atmel/atmel toolchain/avr8 gcc/native/3.4.1051/avr8-gnu-toolchain/bin/../lib/gcc/avr/4.8.1/../../../../avr/lib/avrxmega2\libm.a(addsf3x.o)
 .data          0x00802000        0x0 c:/program files (x86)/atmel/atmel toolchain/avr8 gcc/native/3.4.1051/avr8-gnu-toolchain/bin/../lib/gcc/avr/4.8.1/../../../../avr/lib/avrxmega2\libm.a(fixunssfsi.o)
 .data          0x00802000        0x0 c:/program files (x86)/atmel/atmel toolchain/avr8 gcc/native/3.4.1051/avr8-gnu-toolchain/bin/../lib/gcc/avr/4.8.1/../../../../avr/lib/avrxmega2\libm.a(floatsisf.o)
 .data          0x00802000        0x0 c:/program files (x86)/atmel/atmel toolchain/avr8 gcc/native/3.4.1051/avr8-gnu-toolchain/bin/../lib/gcc/avr/4.8.1/../../../../avr/lib/avrxmega2\libm.a(fp_inf.o)
 .data          0x00802000        0x0 c:/program files (x86)/atmel/atmel toolchain/avr8 gcc/native/3.4.1051/avr8-gnu-toolchain/bin/../lib/gcc/avr/4.8.1/../../../../avr/lib/avrxmega2\libm.a(fp_nan.o)
 .data          0x00802000        0x0 c:/program files (x86)/atmel/atmel toolchain/avr8 gcc/native/3.4.1051/avr8-gnu-toolchain/bin/../lib/gcc/avr/4.8.1/../../../../avr/lib/avrxmega2\libm.a(fp_pscA.o)
 .data          0x00802000        0x0 c:/program files (x86)/atmel/atmel toolchain/avr8 gcc/native/3.4.1051/avr8-gnu-toolchain/bin/../lib/gcc/avr/4.8.1/../../../../avr/lib/avrxmega2\libm.a(fp_pscB.o)
 .data          0x00802000        0x0 c:/program files (x86)/atmel/atmel toolchain/avr8 gcc/native/3.4.1051/avr8-gnu-toolchain/bin/../lib/gcc/avr/4.8.1/../../../../avr/lib/avrxmega2\libm.a(fp_round.o)
 .data          0x00802000        0x0 c:/program files (x86)/atmel/atmel toolchain/avr8 gcc/native/3.4.1051/avr8-gnu-toolchain/bin/../lib/gcc/avr/4.8.1/../../../../avr/lib/avrxmega2\libm.a(fp_split3.o)
 .data          0x00802000        0x0 c:/program files (x86)/atmel/atmel toolchain/avr8 gcc/native/3.4.1051/avr8-gnu-toolchain/bin/../lib/gcc/avr/4.8.1/../../../../avr/lib/avrxmega2\libm.a(fp_zero.o)
 .data          0x00802000        0x0 c:/program files (x86)/atmel/atmel toolchain/avr8 gcc/native/3.4.1051/avr8-gnu-toolchain/bin/../lib/gcc/avr/4.8.1/../../../../avr/lib/avrxmega2\libc.a(memcpy.o)
 .data          0x00802000        0x0 c:/program files (x86)/atmel/atmel toolchain/avr8 gcc/native/3.4.1051/avr8-gnu-toolchain/bin/../lib/gcc/avr/4.8.1/../../../../avr/lib/avrxmega2\libc.a(eewr_block_atxmega32a4u.o)
 .data          0x00802000        0x0 c:/program files (x86)/atmel/atmel toolchain/avr8 gcc/native/3.4.1051/avr8-gnu-toolchain/bin/../lib/gcc/avr/4.8.1/../../../../avr/lib/avrxmega2\libc.a(eewr_byte_atxmega32a4u.o)
 *(.data*)
 .data.USART_SPI_OPTIONS.6516
                0x00802000        0x6 src/asf/common/boards/user_board/init.o
 .data.adc_cnt.6942
                0x00802006        0x1 src/main.o
 .data.button_mem.6930
                0x00802007        0x1 src/main.o
 .data.sleepmgr_configs
                0x00802008        0x6 src/asf/common/services/sleepmgr/xmega/sleepmgr.o
                0x00802008                sleepmgr_configs
 .data.udi_api_cdc_data
                0x0080200e        0xa src/asf/common/services/usb/class/cdc/device/udi_cdc.o
                0x0080200e                udi_api_cdc_data
 .data.udi_api_cdc_comm
                0x00802018        0xa src/asf/common/services/usb/class/cdc/device/udi_cdc.o
                0x00802018                udi_api_cdc_comm
 .data.udc_config
                0x00802022        0x6 src/asf/common/services/usb/class/cdc/device/udi_cdc_desc.o
                0x00802022                udc_config
 .data.udc_config_fs
                0x00802028        0x4 src/asf/common/services/usb/class/cdc/device/udi_cdc_desc.o
                0x00802028                udc_config_fs
 .data.udi_apis
                0x0080202c        0x4 src/asf/common/services/usb/class/cdc/device/udi_cdc_desc.o
                0x0080202c                udi_apis
 .data.udc_desc_fs
                0x00802030       0x44 src/asf/common/services/usb/class/cdc/device/udi_cdc_desc.o
                0x00802030                udc_desc_fs
 .data.udc_device_desc
                0x00802074       0x12 src/asf/common/services/usb/class/cdc/device/udi_cdc_desc.o
                0x00802074                udc_device_desc
 .data.udc_string_desc
                0x00802086       0x14 src/asf/common/services/usb/udc/udc.o
 .data.udc_string_product_name
                0x0080209a        0xa src/asf/common/services/usb/udc/udc.o
 .data.udc_string_manufacturer_name
                0x008020a4        0x6 src/asf/common/services/usb/udc/udc.o
 .data.udc_string_desc_languageid
                0x008020aa        0x4 src/asf/common/services/usb/udc/udc.o
 *(.rodata)
 *(.rodata*)
 .rodata.gamma_10b
                0x008020ae      0x200 src/main.o
                0x008020ae                gamma_10b
 .rodata.response
                0x008022ae        0x3 src/main.o
                0x008022ae                response
 .rodata.str1.1
                0x008022b1        0xa src/asf/common/services/usb/udc/udc.o
 *(.gnu.linkonce.d*)
                0x008022bc                . = ALIGN (0x2)
 *fill*         0x008022bb        0x1 
                0x008022bc                _edata = .
                0x008022bc                PROVIDE (__data_end, .)

.bss            0x008022bc      0x6e9
                0x008022bc                PROVIDE (__bss_start, .)
 *(.bss)
 *(.bss*)
 .bss.adca_enable_count
                0x008022bc        0x1 src/asf/xmega/drivers/adc/adc.o
 .bss.tc_tce0_ccd_callback
                0x008022bd        0x2 src/asf/xmega/drivers/tc/tc.o
 .bss.tc_tce0_ccc_callback
                0x008022bf        0x2 src/asf/xmega/drivers/tc/tc.o
 .bss.tc_tce0_ccb_callback
                0x008022c1        0x2 src/asf/xmega/drivers/tc/tc.o
 .bss.tc_tce0_cca_callback
                0x008022c3        0x2 src/asf/xmega/drivers/tc/tc.o
 .bss.tc_tce0_err_callback
                0x008022c5        0x2 src/asf/xmega/drivers/tc/tc.o
 .bss.tc_tce0_ovf_callback
                0x008022c7        0x2 src/asf/xmega/drivers/tc/tc.o
 .bss.tc_tcd1_ccb_callback
                0x008022c9        0x2 src/asf/xmega/drivers/tc/tc.o
 .bss.tc_tcd1_cca_callback
                0x008022cb        0x2 src/asf/xmega/drivers/tc/tc.o
 .bss.tc_tcd1_err_callback
                0x008022cd        0x2 src/asf/xmega/drivers/tc/tc.o
 .bss.tc_tcd1_ovf_callback
                0x008022cf        0x2 src/asf/xmega/drivers/tc/tc.o
 .bss.tc_tcd0_ccd_callback
                0x008022d1        0x2 src/asf/xmega/drivers/tc/tc.o
 .bss.tc_tcd0_ccc_callback
                0x008022d3        0x2 src/asf/xmega/drivers/tc/tc.o
 .bss.tc_tcd0_ccb_callback
                0x008022d5        0x2 src/asf/xmega/drivers/tc/tc.o
 .bss.tc_tcd0_cca_callback
                0x008022d7        0x2 src/asf/xmega/drivers/tc/tc.o
 .bss.tc_tcd0_err_callback
                0x008022d9        0x2 src/asf/xmega/drivers/tc/tc.o
 .bss.tc_tcd0_ovf_callback
                0x008022db        0x2 src/asf/xmega/drivers/tc/tc.o
 .bss.tc_tcc1_ccb_callback
                0x008022dd        0x2 src/asf/xmega/drivers/tc/tc.o
 .bss.tc_tcc1_cca_callback
                0x008022df        0x2 src/asf/xmega/drivers/tc/tc.o
 .bss.tc_tcc1_err_callback
                0x008022e1        0x2 src/asf/xmega/drivers/tc/tc.o
 .bss.tc_tcc1_ovf_callback
                0x008022e3        0x2 src/asf/xmega/drivers/tc/tc.o
 .bss.tc_tcc0_ccd_callback
                0x008022e5        0x2 src/asf/xmega/drivers/tc/tc.o
 .bss.tc_tcc0_ccc_callback
                0x008022e7        0x2 src/asf/xmega/drivers/tc/tc.o
 .bss.tc_tcc0_ccb_callback
                0x008022e9        0x2 src/asf/xmega/drivers/tc/tc.o
 .bss.tc_tcc0_cca_callback
                0x008022eb        0x2 src/asf/xmega/drivers/tc/tc.o
 .bss.tc_tcc0_err_callback
                0x008022ed        0x2 src/asf/xmega/drivers/tc/tc.o
 .bss.tc_tcc0_ovf_callback
                0x008022ef        0x2 src/asf/xmega/drivers/tc/tc.o
 .bss.sine1.7026
                0x008022f1        0x2 src/main.o
 .bss.time1.7022
                0x008022f3        0x4 src/main.o
 .bss.time1.7013
                0x008022f7        0x4 src/main.o
 .bss.time1.7009
                0x008022fb        0x4 src/main.o
 .bss.run.6997  0x008022ff        0x1 src/main.o
 .bss.temp_sum.6946
                0x00802300        0x4 src/main.o
 .bss.light_sum.6945
                0x00802304        0x4 src/main.o
 .bss.led_current_sum.6944
                0x00802308        0x4 src/main.o
 .bss.led_voltage_sum.6943
                0x0080230c        0x4 src/main.o
 .bss.alarm_prev.6926
                0x00802310        0x4 src/main.o
 .bss.fps_time.6934
                0x00802314        0x2 src/main.o
 .bss.led_time.6933
                0x00802316        0x2 src/main.o
 .bss.button_time.6929
                0x00802318        0x4 src/main.o
 .bss.hue1      0x0080231c        0x2 src/main.o
                0x0080231c                hue1
 .bss.measure   0x0080231e        0x8 src/main.o
                0x0080231e                measure
 .bss.sleeping  0x00802326        0x1 src/main.o
                0x00802326                sleeping
 .bss.blink_en  0x00802327        0x1 src/main.o
                0x00802327                blink_en
 .bss.mode_select
                0x00802328        0x1 src/main.o
                0x00802328                mode_select
 .bss.usb_data_pending
                0x00802329        0x1 src/main.o
                0x00802329                usb_data_pending
 .bss.update_frame
                0x0080232a        0x1 src/main.o
                0x0080232a                update_frame
 .bss.temp_cal  0x0080232b        0x2 src/main.o
                0x0080232b                temp_cal
 .bss.prev_mode
                0x0080232d        0x1 src/main.o
                0x0080232d                prev_mode
 .bss.timeout_flag
                0x0080232e        0x1 src/main.o
                0x0080232e                timeout_flag
 .bss.count     0x0080232f        0x2 src/main.o
                0x0080232f                count
 .bss.FPS       0x00802331        0x2 src/main.o
                0x00802331                FPS
 .bss.b_shortpacket.5237
                0x00802333        0x1 src/asf/xmega/drivers/usb/usb_device.o
 .bss.udd_ep_out_cache_buffer
                0x00802334       0x80 src/asf/xmega/drivers/usb/usb_device.o
 .bss.udd_ep_job
                0x008023b4       0x24 src/asf/xmega/drivers/usb/usb_device.o
 .bss.udd_ctrl_buffer
                0x008023d8       0x40 src/asf/xmega/drivers/usb/usb_device.o
 .bss.udd_ctrl_payload_nb_trans
                0x00802418        0x2 src/asf/xmega/drivers/usb/usb_device.o
 .bss.udd_ctrl_prev_payload_nb_trans
                0x0080241a        0x2 src/asf/xmega/drivers/usb/usb_device.o
 .bss.udd_ep_control_state
                0x0080241c        0x1 src/asf/xmega/drivers/usb/usb_device.o
 *fill*         0x0080241d        0x3 
 .bss.udd_sram  0x00802420       0x40 src/asf/xmega/drivers/usb/usb_device.o
 .bss.udd_b_idle
                0x00802460        0x1 src/asf/xmega/drivers/usb/usb_device.o
 .bss.sof_zlp_counter.4826
                0x00802461        0x2 src/asf/common/services/usb/class/cdc/device/udi_cdc.o
 .bss.udi_cdc_tx_both_buf_to_send
                0x00802463        0x1 src/asf/common/services/usb/class/cdc/device/udi_cdc.o
 .bss.udi_cdc_tx_trans_ongoing
                0x00802464        0x1 src/asf/common/services/usb/class/cdc/device/udi_cdc.o
 .bss.udi_cdc_tx_sof_num
                0x00802465        0x2 src/asf/common/services/usb/class/cdc/device/udi_cdc.o
 .bss.udi_cdc_tx_buf_sel
                0x00802467        0x1 src/asf/common/services/usb/class/cdc/device/udi_cdc.o
 .bss.udi_cdc_tx_buf_nb
                0x00802468        0x4 src/asf/common/services/usb/class/cdc/device/udi_cdc.o
 .bss.udi_cdc_tx_buf
                0x0080246c       0x80 src/asf/common/services/usb/class/cdc/device/udi_cdc.o
 .bss.udi_cdc_rx_trans_ongoing
                0x008024ec        0x1 src/asf/common/services/usb/class/cdc/device/udi_cdc.o
 .bss.udi_cdc_rx_pos
                0x008024ed        0x2 src/asf/common/services/usb/class/cdc/device/udi_cdc.o
 .bss.udi_cdc_rx_buf_sel
                0x008024ef        0x1 src/asf/common/services/usb/class/cdc/device/udi_cdc.o
 .bss.udi_cdc_rx_buf_nb
                0x008024f0        0x4 src/asf/common/services/usb/class/cdc/device/udi_cdc.o
 .bss.udi_cdc_rx_buf
                0x008024f4       0x80 src/asf/common/services/usb/class/cdc/device/udi_cdc.o
 .bss.udi_cdc_data_running
                0x00802574        0x1 src/asf/common/services/usb/class/cdc/device/udi_cdc.o
 .bss.udi_cdc_nb_data_enabled
                0x00802575        0x1 src/asf/common/services/usb/class/cdc/device/udi_cdc.o
 .bss.udi_cdc_nb_comm_enabled
                0x00802576        0x1 src/asf/common/services/usb/class/cdc/device/udi_cdc.o
 *fill*         0x00802577        0x1 
 .bss.uid_cdc_state_msg
                0x00802578        0xa src/asf/common/services/usb/class/cdc/device/udi_cdc.o
 .bss.udi_cdc_state
                0x00802582        0x2 src/asf/common/services/usb/class/cdc/device/udi_cdc.o
 .bss.udi_cdc_line_coding
                0x00802584        0x7 src/asf/common/services/usb/class/cdc/device/udi_cdc.o
 .bss.udc_ep_status.4535
                0x0080258b        0x2 src/asf/common/services/usb/udc/udc.o
 .bss.udc_iface_setting.4595
                0x0080258d        0x1 src/asf/common/services/usb/udc/udc.o
 .bss.udc_ptr_iface
                0x0080258e        0x2 src/asf/common/services/usb/udc/udc.o
 .bss.udc_ptr_conf
                0x00802590        0x2 src/asf/common/services/usb/udc/udc.o
 .bss.udc_num_configuration
                0x00802592        0x1 src/asf/common/services/usb/udc/udc.o
 .bss.udc_device_status
                0x00802593        0x2 src/asf/common/services/usb/udc/udc.o
 *(COMMON)
 COMMON         0x00802595        0x2 src/asf/xmega/drivers/adc/adc.o
                0x00802595                adca_callback
 COMMON         0x00802597        0x8 src/asf/xmega/drivers/dma/dma.o
                0x00802597                dma_data
 COMMON         0x0080259f        0x8 src/asf/xmega/drivers/rtc/rtc.o
                0x0080259f                rtc_data
 COMMON         0x008025a7      0x3e8 src/main.o
                0x008025a7                front_buffer
                0x00802787                blink_state
                0x00802788                dmach_conf_multi
                0x00802793                dmach_conf_single
                0x0080279e                back_buffer
                0x0080297e                set
 COMMON         0x0080298f        0x6 src/asf/common/services/sleepmgr/xmega/sleepmgr.o
                0x0080298f                sleepmgr_locks
 COMMON         0x00802995       0x10 src/asf/xmega/drivers/usb/usb_device.o
                0x00802995                udd_g_ctrlreq
                0x008029a5                PROVIDE (__bss_end, .)
                0x00004d74                __data_load_start = LOADADDR (.data)
                0x00005030                __data_load_end = (__data_load_start + SIZEOF (.data))

.noinit         0x008029a5        0x0
                0x008029a5                PROVIDE (__noinit_start, .)
 *(.noinit*)
                0x008029a5                PROVIDE (__noinit_end, .)
                0x008029a5                _end = .
                0x008029a5                PROVIDE (__heap_start, .)

.eeprom         0x00810000        0x0
 *(.eeprom*)
                0x00810000                __eeprom_end = .

.fuse
 *(.fuse)
 *(.lfuse)
 *(.hfuse)
 *(.efuse)

.lock
 *(.lock*)

.signature
 *(.signature*)

.user_signatures
 *(.user_signatures*)

.stab
 *(.stab)

.stabstr
 *(.stabstr)

.stab.excl
 *(.stab.excl)

.stab.exclstr
 *(.stab.exclstr)

.stab.index
 *(.stab.index)

.stab.indexstr
 *(.stab.indexstr)

.comment        0x00000000       0x30
 *(.comment)
 .comment       0x00000000       0x30 src/asf/common/boards/user_board/init.o
                                 0x31 (size before relaxing)
 .comment       0x00000000       0x31 src/asf/common/services/clock/xmega/sysclk.o
 .comment       0x00000000       0x31 src/asf/common/services/hugemem/avr8/avr8_hugemem.o
 .comment       0x00000000       0x31 src/asf/common/services/ioport/xmega/ioport_compat.o
 .comment       0x00000000       0x31 src/asf/xmega/drivers/adc/adc.o
 .comment       0x00000000       0x31 src/asf/xmega/drivers/adc/xmega_aau/adc_aau.o
 .comment       0x00000000       0x31 src/asf/xmega/drivers/dma/dma.o
 .comment       0x00000000       0x31 src/asf/xmega/drivers/rtc/rtc.o
 .comment       0x00000000       0x31 src/asf/xmega/drivers/tc/tc.o
 .comment       0x00000000       0x31 src/asf/xmega/drivers/usart/usart.o
 .comment       0x00000000       0x31 src/asf/xmega/drivers/wdt/wdt.o
 .comment       0x00000000       0x31 src/asf/xmega/services/timeout/timeout.o
 .comment       0x00000000       0x31 src/linsin.o
 .comment       0x00000000       0x31 src/main.o
 .comment       0x00000000       0x31 src/asf/common/services/sleepmgr/xmega/sleepmgr.o
 .comment       0x00000000       0x31 src/asf/xmega/drivers/usb/usb_device.o
 .comment       0x00000000       0x31 src/asf/common/services/usb/class/cdc/device/udi_cdc.o
 .comment       0x00000000       0x31 src/asf/common/services/usb/class/cdc/device/udi_cdc_desc.o
 .comment       0x00000000       0x31 src/asf/common/services/usb/udc/udc.o
 .comment       0x00000000       0x31 src/asf/xmega/drivers/nvm/nvm.o

.note.gnu.build-id
 *(.note.gnu.build-id)

.debug
 *(.debug)

.line
 *(.line)

.debug_srcinfo
 *(.debug_srcinfo)

.debug_sfnames
 *(.debug_sfnames)

.debug_aranges  0x00000000      0x960
 *(.debug_aranges)
 .debug_aranges
                0x00000000       0x28 src/asf/common/boards/user_board/init.o
 .debug_aranges
                0x00000028       0x40 src/asf/common/services/clock/xmega/sysclk.o
 .debug_aranges
                0x00000068       0x18 src/asf/common/services/hugemem/avr8/avr8_hugemem.o
 .debug_aranges
                0x00000080       0x18 src/asf/common/services/ioport/xmega/ioport_compat.o
 .debug_aranges
                0x00000098       0x48 src/asf/xmega/drivers/adc/adc.o
 .debug_aranges
                0x000000e0       0x58 src/asf/xmega/drivers/adc/xmega_aau/adc_aau.o
 .debug_aranges
                0x00000138       0x68 src/asf/xmega/drivers/dma/dma.o
 .debug_aranges
                0x000001a0       0x58 src/asf/xmega/drivers/rtc/rtc.o
 .debug_aranges
                0x000001f8      0x128 src/asf/xmega/drivers/tc/tc.o
 .debug_aranges
                0x00000320       0x58 src/asf/xmega/drivers/usart/usart.o
 .debug_aranges
                0x00000378       0x50 src/asf/xmega/drivers/wdt/wdt.o
 .debug_aranges
                0x000003c8       0x50 src/asf/xmega/services/timeout/timeout.o
 .debug_aranges
                0x00000418       0x30 src/linsin.o
 .debug_aranges
                0x00000448       0xe8 src/main.o
 .debug_aranges
                0x00000530       0x18 src/asf/common/services/sleepmgr/xmega/sleepmgr.o
 .debug_aranges
                0x00000548      0x120 src/asf/xmega/drivers/usb/usb_device.o
 .debug_aranges
                0x00000668      0x168 src/asf/common/services/usb/class/cdc/device/udi_cdc.o
 .debug_aranges
                0x000007d0       0x18 src/asf/common/services/usb/class/cdc/device/udi_cdc_desc.o
 .debug_aranges
                0x000007e8       0x70 src/asf/common/services/usb/udc/udc.o
 .debug_aranges
                0x00000858       0x20 src/asf/xmega/drivers/cpu/ccp.o
 .debug_aranges
                0x00000878       0xc0 src/asf/xmega/drivers/nvm/nvm.o
 .debug_aranges
                0x00000938       0x28 src/asf/xmega/drivers/nvm/nvm_asm.o

.debug_pubnames
 *(.debug_pubnames)

.debug_info     0x00000000    0x16fb0
 *(.debug_info .gnu.linkonce.wi.*)
 .debug_info    0x00000000     0x3c75 src/asf/common/boards/user_board/init.o
 .debug_info    0x00003c75      0xd9d src/asf/common/services/clock/xmega/sysclk.o
 .debug_info    0x00004a12       0x6f src/asf/common/services/hugemem/avr8/avr8_hugemem.o
 .debug_info    0x00004a81       0x6f src/asf/common/services/ioport/xmega/ioport_compat.o
 .debug_info    0x00004af0      0xa5b src/asf/xmega/drivers/adc/adc.o
 .debug_info    0x0000554b      0xd53 src/asf/xmega/drivers/adc/xmega_aau/adc_aau.o
 .debug_info    0x0000629e      0xa51 src/asf/xmega/drivers/dma/dma.o
 .debug_info    0x00006cef      0x700 src/asf/xmega/drivers/rtc/rtc.o
 .debug_info    0x000073ef     0x16e9 src/asf/xmega/drivers/tc/tc.o
 .debug_info    0x00008ad8     0x2e0f src/asf/xmega/drivers/usart/usart.o
 .debug_info    0x0000b8e7      0x4e1 src/asf/xmega/drivers/wdt/wdt.o
 .debug_info    0x0000bdc8      0x58a src/asf/xmega/services/timeout/timeout.o
 .debug_info    0x0000c352      0x33a src/linsin.o
 .debug_info    0x0000c68c     0x4406 src/main.o
 .debug_info    0x00010a92      0x121 src/asf/common/services/sleepmgr/xmega/sleepmgr.o
 .debug_info    0x00010bb3     0x1e1c src/asf/xmega/drivers/usb/usb_device.o
 .debug_info    0x000129cf     0x1801 src/asf/common/services/usb/class/cdc/device/udi_cdc.o
 .debug_info    0x000141d0      0x7bd src/asf/common/services/usb/class/cdc/device/udi_cdc_desc.o
 .debug_info    0x0001498d     0x1161 src/asf/common/services/usb/udc/udc.o
 .debug_info    0x00015aee       0x8a src/asf/xmega/drivers/cpu/ccp.o
 .debug_info    0x00015b78     0x13ae src/asf/xmega/drivers/nvm/nvm.o
 .debug_info    0x00016f26       0x8a src/asf/xmega/drivers/nvm/nvm_asm.o

.debug_abbrev   0x00000000     0x3677
 *(.debug_abbrev)
 .debug_abbrev  0x00000000      0x3b8 src/asf/common/boards/user_board/init.o
 .debug_abbrev  0x000003b8      0x2be src/asf/common/services/clock/xmega/sysclk.o
 .debug_abbrev  0x00000676       0x29 src/asf/common/services/hugemem/avr8/avr8_hugemem.o
 .debug_abbrev  0x0000069f       0x29 src/asf/common/services/ioport/xmega/ioport_compat.o
 .debug_abbrev  0x000006c8      0x2ac src/asf/xmega/drivers/adc/adc.o
 .debug_abbrev  0x00000974      0x32a src/asf/xmega/drivers/adc/xmega_aau/adc_aau.o
 .debug_abbrev  0x00000c9e      0x30e src/asf/xmega/drivers/dma/dma.o
 .debug_abbrev  0x00000fac      0x2cd src/asf/xmega/drivers/rtc/rtc.o
 .debug_abbrev  0x00001279      0x2a7 src/asf/xmega/drivers/tc/tc.o
 .debug_abbrev  0x00001520      0x3e8 src/asf/xmega/drivers/usart/usart.o
 .debug_abbrev  0x00001908      0x15d src/asf/xmega/drivers/wdt/wdt.o
 .debug_abbrev  0x00001a65      0x242 src/asf/xmega/services/timeout/timeout.o
 .debug_abbrev  0x00001ca7      0x138 src/linsin.o
 .debug_abbrev  0x00001ddf      0x5e3 src/main.o
 .debug_abbrev  0x000023c2       0x80 src/asf/common/services/sleepmgr/xmega/sleepmgr.o
 .debug_abbrev  0x00002442      0x5b2 src/asf/xmega/drivers/usb/usb_device.o
 .debug_abbrev  0x000029f4      0x3b2 src/asf/common/services/usb/class/cdc/device/udi_cdc.o
 .debug_abbrev  0x00002da6       0xfe src/asf/common/services/usb/class/cdc/device/udi_cdc_desc.o
 .debug_abbrev  0x00002ea4      0x3c0 src/asf/common/services/usb/udc/udc.o
 .debug_abbrev  0x00003264       0x14 src/asf/xmega/drivers/cpu/ccp.o
 .debug_abbrev  0x00003278      0x3ed src/asf/xmega/drivers/nvm/nvm.o
 .debug_abbrev  0x00003665       0x12 src/asf/xmega/drivers/nvm/nvm_asm.o

.debug_line     0x00000000     0xc76d
 *(.debug_line .debug_line.* .debug_line_end)
 .debug_line    0x00000000      0xef9 src/asf/common/boards/user_board/init.o
 .debug_line    0x00000ef9      0x6fa src/asf/common/services/clock/xmega/sysclk.o
 .debug_line    0x000015f3      0x40b src/asf/common/services/hugemem/avr8/avr8_hugemem.o
 .debug_line    0x000019fe      0x424 src/asf/common/services/ioport/xmega/ioport_compat.o
 .debug_line    0x00001e22      0x724 src/asf/xmega/drivers/adc/adc.o
 .debug_line    0x00002546      0x8a0 src/asf/xmega/drivers/adc/xmega_aau/adc_aau.o
 .debug_line    0x00002de6      0x8e3 src/asf/xmega/drivers/dma/dma.o
 .debug_line    0x000036c9      0x79b src/asf/xmega/drivers/rtc/rtc.o
 .debug_line    0x00003e64      0xc5d src/asf/xmega/drivers/tc/tc.o
 .debug_line    0x00004ac1      0xba2 src/asf/xmega/drivers/usart/usart.o
 .debug_line    0x00005663      0x546 src/asf/xmega/drivers/wdt/wdt.o
 .debug_line    0x00005ba9      0xb60 src/asf/xmega/services/timeout/timeout.o
 .debug_line    0x00006709      0x347 src/linsin.o
 .debug_line    0x00006a50     0x1a0c src/main.o
 .debug_line    0x0000845c      0x430 src/asf/common/services/sleepmgr/xmega/sleepmgr.o
 .debug_line    0x0000888c     0x1494 src/asf/xmega/drivers/usb/usb_device.o
 .debug_line    0x00009d20      0xe49 src/asf/common/services/usb/class/cdc/device/udi_cdc.o
 .debug_line    0x0000ab69      0x4a1 src/asf/common/services/usb/class/cdc/device/udi_cdc_desc.o
 .debug_line    0x0000b00a      0xa9f src/asf/common/services/usb/udc/udc.o
 .debug_line    0x0000baa9       0x6e src/asf/xmega/drivers/cpu/ccp.o
 .debug_line    0x0000bb17      0xb37 src/asf/xmega/drivers/nvm/nvm.o
 .debug_line    0x0000c64e      0x11f src/asf/xmega/drivers/nvm/nvm_asm.o

.debug_frame    0x00000000     0x21c0
 *(.debug_frame)
 .debug_frame   0x00000000       0x60 src/asf/common/boards/user_board/init.o
 .debug_frame   0x00000060       0x74 src/asf/common/services/clock/xmega/sysclk.o
 .debug_frame   0x000000d4       0x8c src/asf/xmega/drivers/adc/adc.o
 .debug_frame   0x00000160      0x244 src/asf/xmega/drivers/adc/xmega_aau/adc_aau.o
 .debug_frame   0x000003a4      0x1e0 src/asf/xmega/drivers/dma/dma.o
 .debug_frame   0x00000584      0x124 src/asf/xmega/drivers/rtc/rtc.o
 .debug_frame   0x000006a8      0x994 src/asf/xmega/drivers/tc/tc.o
 .debug_frame   0x0000103c      0x148 src/asf/xmega/drivers/usart/usart.o
 .debug_frame   0x00001184       0x84 src/asf/xmega/drivers/wdt/wdt.o
 .debug_frame   0x00001208       0x84 src/asf/xmega/services/timeout/timeout.o
 .debug_frame   0x0000128c       0x50 src/linsin.o
 .debug_frame   0x000012dc      0x334 src/main.o
 .debug_frame   0x00001610      0x3d0 src/asf/xmega/drivers/usb/usb_device.o
 .debug_frame   0x000019e0      0x380 src/asf/common/services/usb/class/cdc/device/udi_cdc.o
 .debug_frame   0x00001d60      0x120 src/asf/common/services/usb/udc/udc.o
 .debug_frame   0x00001e80      0x340 src/asf/xmega/drivers/nvm/nvm.o

.debug_str      0x00000000    0x33f70
 *(.debug_str)
 .debug_str     0x00000000    0x2a1b8 src/asf/common/boards/user_board/init.o
                              0x2ab0d (size before relaxing)
 .debug_str     0x0002a1b8      0x76c src/asf/common/services/clock/xmega/sysclk.o
                              0x24739 (size before relaxing)
 .debug_str     0x0002a924       0x37 src/asf/common/services/hugemem/avr8/avr8_hugemem.o
                              0x22a41 (size before relaxing)
 .debug_str     0x0002a95b      0x3c9 src/asf/common/services/ioport/xmega/ioport_compat.o
                              0x22e38 (size before relaxing)
 .debug_str     0x0002ad24      0x260 src/asf/xmega/drivers/adc/adc.o
                              0x24b33 (size before relaxing)
 .debug_str     0x0002af84       0xda src/asf/xmega/drivers/adc/xmega_aau/adc_aau.o
                              0x24d74 (size before relaxing)
 .debug_str     0x0002b05e      0x1dc src/asf/xmega/drivers/dma/dma.o
                              0x247e1 (size before relaxing)
 .debug_str     0x0002b23a      0x2b7 src/asf/xmega/drivers/rtc/rtc.o
                              0x245f7 (size before relaxing)
 .debug_str     0x0002b4f1      0x512 src/asf/xmega/drivers/tc/tc.o
                              0x24a9c (size before relaxing)
 .debug_str     0x0002ba03      0x3ca src/asf/xmega/drivers/usart/usart.o
                              0x25145 (size before relaxing)
 .debug_str     0x0002bdcd      0x4da src/asf/xmega/drivers/wdt/wdt.o
                              0x22d89 (size before relaxing)
 .debug_str     0x0002c2a7      0x108 src/asf/xmega/services/timeout/timeout.o
                              0x28e73 (size before relaxing)
 .debug_str     0x0002c3af      0x100 src/linsin.o
                              0x18637 (size before relaxing)
 .debug_str     0x0002c4af     0x25f2 src/main.o
                              0x2c63a (size before relaxing)
 .debug_str     0x0002eaa1       0x35 src/asf/common/services/sleepmgr/xmega/sleepmgr.o
                              0x22d0a (size before relaxing)
 .debug_str     0x0002ead6     0x3734 src/asf/xmega/drivers/usb/usb_device.o
                              0x2a8e7 (size before relaxing)
 .debug_str     0x0003220a      0xc1d src/asf/common/services/usb/class/cdc/device/udi_cdc.o
                              0x27413 (size before relaxing)
 .debug_str     0x00032e27      0x56b src/asf/common/services/usb/class/cdc/device/udi_cdc_desc.o
                              0x26a77 (size before relaxing)
 .debug_str     0x00033392      0x723 src/asf/common/services/usb/udc/udc.o
                              0x25c08 (size before relaxing)
 .debug_str     0x00033ab5      0x4bb src/asf/xmega/drivers/nvm/nvm.o
                              0x23434 (size before relaxing)

.debug_loc      0x00000000     0x910b
 *(.debug_loc)
 .debug_loc     0x00000000      0x6ac src/asf/common/boards/user_board/init.o
 .debug_loc     0x000006ac      0x3c0 src/asf/common/services/clock/xmega/sysclk.o
 .debug_loc     0x00000a6c      0x196 src/asf/xmega/drivers/adc/adc.o
 .debug_loc     0x00000c02      0x9ac src/asf/xmega/drivers/adc/xmega_aau/adc_aau.o
 .debug_loc     0x000015ae      0x504 src/asf/xmega/drivers/dma/dma.o
 .debug_loc     0x00001ab2      0x279 src/asf/xmega/drivers/rtc/rtc.o
 .debug_loc     0x00001d2b     0x16a8 src/asf/xmega/drivers/tc/tc.o
 .debug_loc     0x000033d3      0xfcf src/asf/xmega/drivers/usart/usart.o
 .debug_loc     0x000043a2      0x152 src/asf/xmega/drivers/wdt/wdt.o
 .debug_loc     0x000044f4      0x1ca src/asf/xmega/services/timeout/timeout.o
 .debug_loc     0x000046be      0x329 src/linsin.o
 .debug_loc     0x000049e7     0x1340 src/main.o
 .debug_loc     0x00005d27      0xfa4 src/asf/xmega/drivers/usb/usb_device.o
 .debug_loc     0x00006ccb      0xddc src/asf/common/services/usb/class/cdc/device/udi_cdc.o
 .debug_loc     0x00007aa7      0x528 src/asf/common/services/usb/udc/udc.o
 .debug_loc     0x00007fcf     0x113c src/asf/xmega/drivers/nvm/nvm.o

.debug_macinfo
 *(.debug_macinfo)

.debug_weaknames
 *(.debug_weaknames)

.debug_funcnames
 *(.debug_funcnames)

.debug_typenames
 *(.debug_typenames)

.debug_varnames
 *(.debug_varnames)

.debug_pubtypes
 *(.debug_pubtypes)

.debug_ranges   0x00000000      0x988
 *(.debug_ranges)
 .debug_ranges  0x00000000       0x50 src/asf/common/boards/user_board/init.o
 .debug_ranges  0x00000050       0x30 src/asf/common/services/clock/xmega/sysclk.o
 .debug_ranges  0x00000080       0x38 src/asf/xmega/drivers/adc/adc.o
 .debug_ranges  0x000000b8       0x48 src/asf/xmega/drivers/adc/xmega_aau/adc_aau.o
 .debug_ranges  0x00000100       0x58 src/asf/xmega/drivers/dma/dma.o
 .debug_ranges  0x00000158       0x48 src/asf/xmega/drivers/rtc/rtc.o
 .debug_ranges  0x000001a0      0x118 src/asf/xmega/drivers/tc/tc.o
 .debug_ranges  0x000002b8       0x80 src/asf/xmega/drivers/usart/usart.o
 .debug_ranges  0x00000338       0x40 src/asf/xmega/drivers/wdt/wdt.o
 .debug_ranges  0x00000378       0x40 src/asf/xmega/services/timeout/timeout.o
 .debug_ranges  0x000003b8       0x20 src/linsin.o
 .debug_ranges  0x000003d8      0x1a0 src/main.o
 .debug_ranges  0x00000578      0x128 src/asf/xmega/drivers/usb/usb_device.o
 .debug_ranges  0x000006a0      0x158 src/asf/common/services/usb/class/cdc/device/udi_cdc.o
 .debug_ranges  0x000007f8       0xa8 src/asf/common/services/usb/udc/udc.o
 .debug_ranges  0x000008a0       0xc8 src/asf/xmega/drivers/nvm/nvm.o
 .debug_ranges  0x00000968       0x20 src/asf/xmega/drivers/nvm/nvm_asm.o

.debug_macro    0x00000000     0xcc9d
 *(.debug_macro)
 .debug_macro   0x00000000      0x3e4 src/asf/common/boards/user_board/init.o
 .debug_macro   0x000003e4      0xa2a src/asf/common/boards/user_board/init.o
 .debug_macro   0x00000e0e       0x10 src/asf/common/boards/user_board/init.o
 .debug_macro   0x00000e1e      0x1ad src/asf/common/boards/user_board/init.o
 .debug_macro   0x00000fcb      0x293 src/asf/common/boards/user_board/init.o
 .debug_macro   0x0000125e       0x9e src/asf/common/boards/user_board/init.o
 .debug_macro   0x000012fc     0x5486 src/asf/common/boards/user_board/init.o
 .debug_macro   0x00006782       0x9a src/asf/common/boards/user_board/init.o
 .debug_macro   0x0000681c       0xf1 src/asf/common/boards/user_board/init.o
 .debug_macro   0x0000690d       0x34 src/asf/common/boards/user_board/init.o
 .debug_macro   0x00006941       0x10 src/asf/common/boards/user_board/init.o
 .debug_macro   0x00006951       0x18 src/asf/common/boards/user_board/init.o
 .debug_macro   0x00006969       0x5e src/asf/common/boards/user_board/init.o
 .debug_macro   0x000069c7       0x10 src/asf/common/boards/user_board/init.o
 .debug_macro   0x000069d7       0x22 src/asf/common/boards/user_board/init.o
 .debug_macro   0x000069f9      0x166 src/asf/common/boards/user_board/init.o
 .debug_macro   0x00006b5f       0x1c src/asf/common/boards/user_board/init.o
 .debug_macro   0x00006b7b       0x35 src/asf/common/boards/user_board/init.o
 .debug_macro   0x00006bb0       0x66 src/asf/common/boards/user_board/init.o
 .debug_macro   0x00006c16      0x3b9 src/asf/common/boards/user_board/init.o
 .debug_macro   0x00006fcf       0x97 src/asf/common/boards/user_board/init.o
 .debug_macro   0x00007066       0x17 src/asf/common/boards/user_board/init.o
 .debug_macro   0x0000707d      0x250 src/asf/common/boards/user_board/init.o
 .debug_macro   0x000072cd       0x76 src/asf/common/boards/user_board/init.o
 .debug_macro   0x00007343       0x16 src/asf/common/boards/user_board/init.o
 .debug_macro   0x00007359      0x6e0 src/asf/common/boards/user_board/init.o
 .debug_macro   0x00007a39       0x10 src/asf/common/boards/user_board/init.o
 .debug_macro   0x00007a49      0x175 src/asf/common/boards/user_board/init.o
 .debug_macro   0x00007bbe       0x40 src/asf/common/boards/user_board/init.o
 .debug_macro   0x00007bfe       0x69 src/asf/common/boards/user_board/init.o
 .debug_macro   0x00007c67       0x32 src/asf/common/boards/user_board/init.o
 .debug_macro   0x00007c99       0xe4 src/asf/common/boards/user_board/init.o
 .debug_macro   0x00007d7d       0x16 src/asf/common/boards/user_board/init.o
 .debug_macro   0x00007d93       0x20 src/asf/common/boards/user_board/init.o
 .debug_macro   0x00007db3       0x10 src/asf/common/boards/user_board/init.o
 .debug_macro   0x00007dc3       0x5e src/asf/common/boards/user_board/init.o
 .debug_macro   0x00007e21       0x46 src/asf/common/boards/user_board/init.o
 .debug_macro   0x00007e67      0x20d src/asf/common/boards/user_board/init.o
 .debug_macro   0x00008074       0x82 src/asf/common/boards/user_board/init.o
 .debug_macro   0x000080f6       0x66 src/asf/common/boards/user_board/init.o
 .debug_macro   0x0000815c       0x2f src/asf/common/boards/user_board/init.o
 .debug_macro   0x0000818b      0x154 src/asf/common/boards/user_board/init.o
 .debug_macro   0x000082df       0xc0 src/asf/common/boards/user_board/init.o
 .debug_macro   0x0000839f       0x34 src/asf/common/boards/user_board/init.o
 .debug_macro   0x000083d3       0x22 src/asf/common/boards/user_board/init.o
 .debug_macro   0x000083f5       0x16 src/asf/common/boards/user_board/init.o
 .debug_macro   0x0000840b       0x10 src/asf/common/boards/user_board/init.o
 .debug_macro   0x0000841b       0x28 src/asf/common/boards/user_board/init.o
 .debug_macro   0x00008443       0x22 src/asf/common/boards/user_board/init.o
 .debug_macro   0x00008465       0x7c src/asf/common/boards/user_board/init.o
 .debug_macro   0x000084e1       0x1c src/asf/common/boards/user_board/init.o
 .debug_macro   0x000084fd       0x12 src/asf/common/boards/user_board/init.o
 .debug_macro   0x0000850f       0x1c src/asf/common/boards/user_board/init.o
 .debug_macro   0x0000852b       0x3a src/asf/common/boards/user_board/init.o
 .debug_macro   0x00008565      0x225 src/asf/common/boards/user_board/init.o
 .debug_macro   0x0000878a       0x9d src/asf/common/boards/user_board/init.o
 .debug_macro   0x00008827       0xf0 src/asf/common/boards/user_board/init.o
 .debug_macro   0x00008917      0x241 src/asf/common/boards/user_board/init.o
 .debug_macro   0x00008b58      0x17e src/asf/common/boards/user_board/init.o
 .debug_macro   0x00008cd6       0x16 src/asf/common/boards/user_board/init.o
 .debug_macro   0x00008cec       0x1c src/asf/common/boards/user_board/init.o
 .debug_macro   0x00008d08      0x190 src/asf/common/boards/user_board/init.o
 .debug_macro   0x00008e98       0x11 src/asf/common/boards/user_board/init.o
 .debug_macro   0x00008ea9      0x1eb src/asf/common/services/clock/xmega/sysclk.o
 .debug_macro   0x00009094       0x26 src/asf/common/services/clock/xmega/sysclk.o
 .debug_macro   0x000090ba      0x1a4 src/asf/common/services/hugemem/avr8/avr8_hugemem.o
 .debug_macro   0x0000925e      0x10e src/asf/common/services/hugemem/avr8/avr8_hugemem.o
 .debug_macro   0x0000936c       0x20 src/asf/common/services/hugemem/avr8/avr8_hugemem.o
 .debug_macro   0x0000938c      0x299 src/asf/common/services/hugemem/avr8/avr8_hugemem.o
 .debug_macro   0x00009625       0x7f src/asf/common/services/hugemem/avr8/avr8_hugemem.o
 .debug_macro   0x000096a4      0x18f src/asf/common/services/ioport/xmega/ioport_compat.o
 .debug_macro   0x00009833      0x109 src/asf/common/services/ioport/xmega/ioport_compat.o
 .debug_macro   0x0000993c      0x23f src/asf/xmega/drivers/adc/adc.o
 .debug_macro   0x00009b7b      0x23f src/asf/xmega/drivers/adc/xmega_aau/adc_aau.o
 .debug_macro   0x00009dba      0x27c src/asf/xmega/drivers/dma/dma.o
 .debug_macro   0x0000a036      0x237 src/asf/xmega/drivers/rtc/rtc.o
 .debug_macro   0x0000a26d      0x235 src/asf/xmega/drivers/tc/tc.o
 .debug_macro   0x0000a4a2      0x21e src/asf/xmega/drivers/usart/usart.o
 .debug_macro   0x0000a6c0       0x34 src/asf/xmega/drivers/usart/usart.o
 .debug_macro   0x0000a6f4      0x180 src/asf/xmega/drivers/wdt/wdt.o
 .debug_macro   0x0000a874      0x3d6 src/asf/xmega/services/timeout/timeout.o
 .debug_macro   0x0000ac4a       0xb3 src/linsin.o
 .debug_macro   0x0000acfd       0x89 src/linsin.o
 .debug_macro   0x0000ad86       0xaa src/linsin.o
 .debug_macro   0x0000ae30      0x181 src/linsin.o
 .debug_macro   0x0000afb1      0x465 src/main.o
 .debug_macro   0x0000b416      0x21f src/main.o
 .debug_macro   0x0000b635       0x16 src/main.o
 .debug_macro   0x0000b64b      0x118 src/main.o
 .debug_macro   0x0000b763       0x58 src/main.o
 .debug_macro   0x0000b7bb       0x10 src/main.o
 .debug_macro   0x0000b7cb       0xeb src/main.o
 .debug_macro   0x0000b8b6       0x88 src/main.o
 .debug_macro   0x0000b93e       0x35 src/main.o
 .debug_macro   0x0000b973       0x1c src/main.o
 .debug_macro   0x0000b98f      0x167 src/main.o
 .debug_macro   0x0000baf6      0x1a3 src/asf/common/services/sleepmgr/xmega/sleepmgr.o
 .debug_macro   0x0000bc99      0x2cf src/asf/xmega/drivers/usb/usb_device.o
 .debug_macro   0x0000bf68       0x97 src/asf/xmega/drivers/usb/usb_device.o
 .debug_macro   0x0000bfff      0x467 src/asf/xmega/drivers/usb/usb_device.o
 .debug_macro   0x0000c466      0x29f src/asf/common/services/usb/class/cdc/device/udi_cdc.o
 .debug_macro   0x0000c705      0x20a src/asf/common/services/usb/class/cdc/device/udi_cdc_desc.o
 .debug_macro   0x0000c90f      0x1f6 src/asf/common/services/usb/udc/udc.o
 .debug_macro   0x0000cb05      0x198 src/asf/xmega/drivers/nvm/nvm.o
OUTPUT(tinyLight.elf elf32-avr)
LOAD linker stubs
