################################################################################
#                                                                              #
#      IAR Universal Linker V5.8.0.42                                          #
#                                                                              #
#           Link time     =  18/Apr/2014  00:38:28                             #
#           Target CPU    =  A90                                               #
#           List file     =  D:\Projects\iLight\Bootloader\common\services\usb #
#                            \class\dfu_flip\device\bootloader\xmega\atxmega32 #
#                            a4u\iar\Debug\List\xmega_small.map                #
#           Output file 1 =  D:\Projects\iLight\Bootloader\common\services\usb #
#                            \class\dfu_flip\device\bootloader\xmega\atxmega32 #
#                            a4u\iar\Debug\Exe\xmega_small.hex                 #
#                            Format: intel-extended                            #
#           Output file 2 =  D:\Projects\iLight\Bootloader\common\services\usb #
#                            \class\dfu_flip\device\bootloader\xmega\atxmega32 #
#                            a4u\iar\Debug\Exe\xmega_small.dbg                 #
#                            Format: ubrof8                                    #
#                            UBROF version 8.0.2                               #
#           Command line  =  D:\Projects\iLight\Bootloader\common\services\usb #
#                            \class\dfu_flip\device\bootloader\xmega\atxmega32 #
#                            a4u\iar\Debug\Obj\ccp.r90                         #
#                            D:\Projects\iLight\Bootloader\common\services\usb #
#                            \class\dfu_flip\device\bootloader\xmega\atxmega32 #
#                            a4u\iar\Debug\Obj\cstartup.r90                    #
#                            D:\Projects\iLight\Bootloader\common\services\usb #
#                            \class\dfu_flip\device\bootloader\xmega\atxmega32 #
#                            a4u\iar\Debug\Obj\isp.r90                         #
#                            D:\Projects\iLight\Bootloader\common\services\usb #
#                            \class\dfu_flip\device\bootloader\xmega\atxmega32 #
#                            a4u\iar\Debug\Obj\main.r90                        #
#                            D:\Projects\iLight\Bootloader\common\services\usb #
#                            \class\dfu_flip\device\bootloader\xmega\atxmega32 #
#                            a4u\iar\Debug\Obj\nvm.r90                         #
#                            D:\Projects\iLight\Bootloader\common\services\usb #
#                            \class\dfu_flip\device\bootloader\xmega\atxmega32 #
#                            a4u\iar\Debug\Obj\nvm_asm.r90                     #
#                            D:\Projects\iLight\Bootloader\common\services\usb #
#                            \class\dfu_flip\device\bootloader\xmega\atxmega32 #
#                            a4u\iar\Debug\Obj\sysclk.r90                      #
#                            D:\Projects\iLight\Bootloader\common\services\usb #
#                            \class\dfu_flip\device\bootloader\xmega\atxmega32 #
#                            a4u\iar\Debug\Obj\sysclk_opt.r90                  #
#                            D:\Projects\iLight\Bootloader\common\services\usb #
#                            \class\dfu_flip\device\bootloader\xmega\atxmega32 #
#                            a4u\iar\Debug\Obj\udc_dfu_small.r90               #
#                            D:\Projects\iLight\Bootloader\common\services\usb #
#                            \class\dfu_flip\device\bootloader\xmega\atxmega32 #
#                            a4u\iar\Debug\Obj\udi_dfu_atmel.r90               #
#                            D:\Projects\iLight\Bootloader\common\services\usb #
#                            \class\dfu_flip\device\bootloader\xmega\atxmega32 #
#                            a4u\iar\Debug\Obj\udi_dfu_atmel_desc.r90          #
#                            D:\Projects\iLight\Bootloader\common\services\usb #
#                            \class\dfu_flip\device\bootloader\xmega\atxmega32 #
#                            a4u\iar\Debug\Obj\usb_device.r90                  #
#                            -o                                                #
#                            D:\Projects\iLight\Bootloader\common\services\usb #
#                            \class\dfu_flip\device\bootloader\xmega\atxmega32 #
#                            a4u\iar\Debug\Exe\xmega_small.dbg                 #
#                            -Fubrof8 -l                                       #
#                            D:\Projects\iLight\Bootloader\common\services\usb #
#                            \class\dfu_flip\device\bootloader\xmega\atxmega32 #
#                            a4u\iar\Debug\List\xmega_small.map                #
#                            -xmsn                                             #
#                            "-IC:\Program Files (x86)\IAR Systems\Embedded Wo #
#                            rkbench 6.5\avr\LIB\"                             #
#                            -f                                                #
#                            D:\Projects\iLight\Bootloader\common\services\usb #
#                            \class\dfu_flip\device\bootloader\xmega\atxmega32 #
#                            a4u\iar\atxmega32a4u_boot.xcl                     #
#                            (-ca90 -w29 -D_..X_FLASH_BASE=8002                #
#                            -D_..X_CODE_END=8FFF -D_..X_INTVEC_END=81FB       #
#                            -Z(CODE)INTVEC=81F4-81FF                          #
#                            -P(CODE)BOOT=_..X_FLASH_BASE-_..X_CODE_END        #
#                            -P(CODE)CODE=_..X_FLASH_BASE-_..X_CODE_END        #
#                            -P(CODE)FARCODE=_..X_FLASH_BASE-_..X_CODE_END     #
#                            -Z(CODE)INITTAB=81FC-_..X_CODE_END                #
#                            -Z(CODE)NEAR_ID=81FC-_..X_CODE_END                #
#                            -D_..X_SRAM_BASE=2000 -D_..X_SRAM_TINY_END=FF     #
#                            -D_..X_SRAM_NEAR_END=FFFF                         #
#                            -D_..X_SRAM_FAR_END=FFFFFF                        #
#                            -D_..X_SRAM_HUGE_END=FFFFFF                       #
#                            -D_..X_CSTACK_SIZE=70 -D_..X_RSTACK_SIZE=70       #
#                            -D_..X_NEAR_HEAP_SIZE=1000                        #
#                            -D_..X_HEAP_SIZE=1000 -D_..X_FAR_HEAP_SIZE=1000   #
#                            -D_..X_HUGE_HEAP_SIZE=1000                        #
#                            -Z(DATA)SRAM_NO_INIT=2000-2001                    #
#                            -Z(DATA)TINY_I,TINY_Z,TINY_N=_..X_SRAM_BASE-_..X_ #
#                            SRAM_NEAR_END                                     #
#                            -Z(DATA)RSTACK+_..X_RSTACK_SIZE=_..X_SRAM_BASE-_. #
#                            .X_SRAM_NEAR_END                                  #
#                            -Z(DATA)NEAR_I,NEAR_Z,NEAR_N,NEAR_C=_..X_SRAM_BAS #
#                            E-_..X_SRAM_NEAR_END                              #
#                            -Z(DATA)NEAR_HEAP+_..X_NEAR_HEAP_SIZE=_..X_SRAM_B #
#                            ASE-_..X_SRAM_NEAR_END                            #
#                            -Z(DATA)CSTACK+_..X_CSTACK_SIZE=[_..X_SRAM_BASE-_ #
#                            ..X_SRAM_FAR_END]/10000                           #
#                            -Z(DATA)HEAP+_..X_HEAP_SIZE=[_..X_SRAM_BASE-_..X_ #
#                            SRAM_FAR_END]/10000                               #
#                            -Z(DATA)IOSTREAM_N#[_..X_SRAM_BASE-_..X_SRAM_FAR_ #
#                            END]/10000                                        #
#                            -Z(DATA)FAR_Z,FAR_N,FAR_C=[_..X_SRAM_BASE-_..X_SR #
#                            AM_FAR_END]/10000                                 #
#                            -Z(DATA)FAR_HEAP+_..X_FAR_HEAP_SIZE=_..X_SRAM_BAS #
#                            E-_..X_SRAM_FAR_END                               #
#                            -Z(DATA)HUGE_I,HUGE_Z,HUGE_N,HUGE_C=_..X_SRAM_BAS #
#                            E-_..X_SRAM_HUGE_END                              #
#                            -Z(DATA)HUGE_HEAP+_..X_HUGE_HEAP_SIZE=_..X_SRAM_B #
#                            ASE-_..X_SRAM_HUGE_END)                           #
#                            -Ointel-extended=D:\Projects\iLight\Bootloader\co #
#                            mmon\services\usb\class\dfu_flip\device\bootloade #
#                            r\xmega\atxmega32a4u\iar\Debug\Exe\xmega_small.he #
#                            x                                                 #
#                            -s __program_start                                #
#                            "C:\Program Files (x86)\IAR Systems\Embedded Work #
#                            bench 6.5\avr\LIB\DLIB\dlAVR-3s-xmega-sf-n.r90"   #
#                                                                              #
#                           Copyright (C) 1987-2013 IAR Systems AB.            #
################################################################################





                ****************************************
                *                                      *
                *           CROSS REFERENCE            *
                *                                      *
                ****************************************

       Program entry at : CODE      00008000  Absolute, from module : ?RESET




                ****************************************
                *                                      *
                *            RUNTIME MODEL             *
                *                                      *
                ****************************************

  R10                        = REG
  R11                        = REG
  R12                        = REG
  R13                        = REG
  R4                         = REG
  R5                         = REG
  R6                         = REG
  R7                         = REG
  R8                         = REG
  R9                         = REG
  __64bit_doubles            = disabled
  __SystemLibrary            = DLib
  __cpu                      = 3
  __cpu_name                 = ATxmega32A4U
  __dlib_file_descriptor     = 0
  __dlib_full_locale_support = 0
  __enhanced_core            = enabled
  __has_elpm                 = false
  __memory_model             = 2
  __rt_version               = 3
  __tiny_avr                 = false

                ****************************************
                *                                      *
                *    AUTOMATIC SYMBOL REDIRECTIONS     *
                *                                      *
                ****************************************

                  There are no automatic symbol redirections.



                ****************************************
                *                                      *
                *              MODULE MAP              *
                *                                      *
                ****************************************


  DEFINED ABSOLUTE ENTRIES
    *************************************************************************

  DEFINED ABSOLUTE ENTRIES
  PROGRAM MODULE, NAME : ?ABS_ENTRY_MOD

Absolute parts
           ENTRY                   ADDRESS         REF BY
           =====                   =======         ======
           _..X_HUGE_HEAP_SIZE     00001000 
           _..X_FAR_HEAP_SIZE      00001000 
           _..X_HEAP_SIZE          00001000 
           _..X_NEAR_HEAP_SIZE     00001000 
           _..X_RSTACK_SIZE        00000070 
           _..X_CSTACK_SIZE        00000070 
           _..X_SRAM_HUGE_END      00FFFFFF 
           _..X_SRAM_FAR_END       00FFFFFF 
           _..X_SRAM_NEAR_END      0000FFFF 
           _..X_SRAM_TINY_END      000000FF 
           _..X_SRAM_BASE          00002000 
           _..X_INTVEC_END         000081FB 
           _..X_CODE_END           00008FFF 
           _..X_FLASH_BASE         00008002 
    *************************************************************************

  FILE NAME : D:\Projects\iLight\Bootloader\common\services\usb\class\dfu_flip\device\bootloader\xmega\atxmega32a4u\iar\Debug\Obj\ccp.r90
  LIBRARY MODULE, NAME : ccp_write_io

Absolute parts
           LOCAL                   ADDRESS         
           =====                   =======         
           __ATxmega32C3__         00000000 
  SEGMENTS IN THE MODULE
  ======================
<BOOT,CODE> 1 (was CODE)
  Relative segment, address: CODE 000081A2 - 000081AF (0xe bytes), align: 1
  Segment part 0.
           ENTRY                   ADDRESS         REF BY
           =====                   =======         ======
           ccp_write_io            000081A2        ?Subroutine61 (isp)
           LOCAL                   ADDRESS         
           =====                   =======         
           CONFIG_MEMORY_MODEL_LARGE
                                   000081A2 

    *************************************************************************

  FILE NAME : D:\Projects\iLight\Bootloader\common\services\usb\class\dfu_flip\device\bootloader\xmega\atxmega32a4u\iar\Debug\Obj\cstartup.r90
  LIBRARY MODULE, NAME : ?RESET

Absolute parts
     00008000 - 00008001
           ENTRY                   ADDRESS         REF BY
           =====                   =======         ======
           __program_start         00008000        Absolute parts (?ABS_ENTRY_MOD)
           ?RESET                  00008000 
           LOCAL                   ADDRESS         
           =====                   =======         
           __ATxmega32C3__         00000000 
    -------------------------------------------------------------------------
  LIBRARY MODULE, NAME : ?C_STARTUP

  SEGMENTS IN THE MODULE
  ======================
<BOOT,CODE> 1 (was BOOT)
  Relative segment, address: CODE 00008002 - 00008037 (0x36 bytes), align: 1
  Segment part 2.
           ENTRY                   ADDRESS         REF BY
           =====                   =======         ======
           ?C_STARTUP              00008002        Absolute parts (?RESET)
           __RESTART               00008002 
           LOCAL                   ADDRESS         
           =====                   =======         
           boot_process            00008002 
           tempo                   00008016 
           start_app_jmp           00008036 
    -------------------------------------------------------------------------
STARTBOOT
  Relative segment, address: CODE 000081FC - 000081FD (0x2 bytes), align: 0
  Segment part 3. ROOT        Intra module refs:   Segment part 2
           ENTRY                   ADDRESS         REF BY
           =====                   =======         ======
           start_boot              000081FC 
    -------------------------------------------------------------------------
<BOOT,CODE> 1 (was CODE)
  Relative segment, address: CODE 0000807A - 000080C9 (0x50 bytes), align: 1
  Segment part 4.             Intra module refs:   Segment part 2
                                                   start_boot
           ENTRY                   ADDRESS         REF BY
           =====                   =======         ======
           ?need_segment_init      00008086        ?<Segment init: NEAR_I> (isp)
                                                   ?<Segment init: NEAR_Z> (isp)
           LOCAL                   ADDRESS         
           =====                   =======         
           start_app               0000808E 
           ?SETUP_STACK            0000807A 
           clear_rst_flags         000080BA 
           jump_0                  000080A0 

    *************************************************************************

  FILE NAME : D:\Projects\iLight\Bootloader\common\services\usb\class\dfu_flip\device\bootloader\xmega\atxmega32a4u\iar\Debug\Obj\isp.r90
  PROGRAM MODULE, NAME : isp

  SEGMENTS IN THE MODULE
  ======================
SRAM_NO_INIT
  Relative segment, address: DATA 00002000 - 00002001 (0x2 bytes), align: 0
  Segment part 8.             Intra module refs:   isp_start_appli
           ENTRY                   ADDRESS         REF BY
           =====                   =======         ======
           start_app_key           00002000        ?need_segment_init (?C_STARTUP)
    -------------------------------------------------------------------------
NEAR_I
  Relative segment, address: DATA 00002072 - 00002074 (0x3 bytes), align: 0
  Segment part 11.            Intra module refs:   mem_bootloader_read
           LOCAL                   ADDRESS         
           =====                   =======         
           mem_bootloader          00002072 
    -------------------------------------------------------------------------
<CODE> 1 (was CODE)
  Relative segment, address: CODE 000081FE - 00008205 (0x8 bytes), align: 1
  Segment part 33.            Intra module refs:   Segment part 15
           LOCAL                   ADDRESS         
           =====                   =======         
           mem_flash_read          000081FE 
               calls direct
               RSTACK = 00000000 ( 00000002 )
    -------------------------------------------------------------------------
<CODE> 1 (was CODE)
  Relative segment, address: CODE 00008206 - 00008209 (0x4 bytes), align: 1
  Segment part 34.            Intra module refs:   Segment part 15
           LOCAL                   ADDRESS         
           =====                   =======         
           mem_flash_write         00008206 
               calls direct
               RSTACK = 00000000 ( 00000002 )
    -------------------------------------------------------------------------
<CODE> 1 (was CODE)
  Relative segment, address: CODE 0000820A - 00008211 (0x8 bytes), align: 1
  Segment part 35.            Intra module refs:   Segment part 17
           LOCAL                   ADDRESS         
           =====                   =======         
           mem_eeprom_read         0000820A 
               calls direct
               RSTACK = 00000000 ( 00000002 )
    -------------------------------------------------------------------------
<CODE> 1 (was CODE)
  Relative segment, address: CODE 00008212 - 00008213 (0x2 bytes), align: 1
  Segment part 36.            Intra module refs:   Segment part 17
           LOCAL                   ADDRESS         
           =====                   =======         
           mem_eeprom_write        00008212 
               calls direct
               RSTACK = 00000000 ( 00000002 )
    -------------------------------------------------------------------------
<CODE> 1 (was CODE)
  Relative segment, address: CODE 00008214 - 00008217 (0x4 bytes), align: 1
  Segment part 37.            Intra module refs:   Segment part 19
           LOCAL                   ADDRESS         
           =====                   =======         
           mem_bootloader_read     00008214 
               calls direct
               RSTACK = 00000000 ( 00000002 )
    -------------------------------------------------------------------------
<CODE> 1 (was CODE)
  Relative segment, address: CODE 00008218 - 0000821B (0x4 bytes), align: 1
  Segment part 38.            Intra module refs:   mem_bootloader_read
                                                   mem_signature_read
           LOCAL                   ADDRESS         
           =====                   =======         
           ?Subroutine53           00008218 
    -------------------------------------------------------------------------
<CODE> 1 (was CODE)
  Relative segment, address: CODE 0000821C - 0000821F (0x4 bytes), align: 1
  Segment part 39.            Intra module refs:   ?Subroutine53
                                                   nvm_eeprom_read_buffer
                                                   udd_ctrl_out_received
                                                   udd_ctrl_setup_received
    -------------------------------------------------------------------------
<CODE> 1 (was CODE)
  Relative segment, address: CODE 00008220 - 00008225 (0x6 bytes), align: 1
  Segment part 40.            Intra module refs:   Segment part 21
           LOCAL                   ADDRESS         
           =====                   =======         
           mem_signature_read      00008220 
               calls direct
               RSTACK = 00000000 ( 00000002 )
    -------------------------------------------------------------------------
NEAR_I
  Relative segment, address: DATA 00002075 - 0000207C (0x8 bytes), align: 0
  Segment part 14.            Intra module refs:   Segment part 25
           ENTRY                   ADDRESS         REF BY
           =====                   =======         ======
           isp_flash               00002075 
    -------------------------------------------------------------------------
NEAR_I
  Relative segment, address: DATA 0000207D - 00002084 (0x8 bytes), align: 0
  Segment part 16.            Intra module refs:   Segment part 25
           ENTRY                   ADDRESS         REF BY
           =====                   =======         ======
           isp_eeprom              0000207D 
    -------------------------------------------------------------------------
NEAR_I
  Relative segment, address: DATA 00002085 - 0000208C (0x8 bytes), align: 0
  Segment part 18.            Intra module refs:   Segment part 25
           ENTRY                   ADDRESS         REF BY
           =====                   =======         ======
           isp_bootloader          00002085 
    -------------------------------------------------------------------------
NEAR_I
  Relative segment, address: DATA 0000208D - 00002094 (0x8 bytes), align: 0
  Segment part 20.            Intra module refs:   Segment part 25
           ENTRY                   ADDRESS         REF BY
           =====                   =======         ======
           isp_signature           0000208D 
    -------------------------------------------------------------------------
NEAR_I
  Relative segment, address: DATA 00002095 - 0000209C (0x8 bytes), align: 0
  Segment part 22.            Intra module refs:   Segment part 25
           ENTRY                   ADDRESS         REF BY
           =====                   =======         ======
           isp_no_available        00002095 
    -------------------------------------------------------------------------
NEAR_I
  Relative segment, address: DATA 0000209D - 000020BE (0x22 bytes), align: 0
  Segment part 24.            Intra module refs:   udi_dfu_atmel_sel_mem
           ENTRY                   ADDRESS         REF BY
           =====                   =======         ======
           isp_memories            0000209D 
    -------------------------------------------------------------------------
<CODE> 1 (was CODE)
  Relative segment, address: CODE 00008226 - 0000823F (0x1a bytes), align: 1
  Segment part 41.            Intra module refs:   udi_dfu_flip_msg_decode
           ENTRY                   ADDRESS         REF BY
           =====                   =======         ======
           isp_erase_chip          00008226 
               calls direct
               RSTACK = 00000000 ( 00000002 )
    -------------------------------------------------------------------------
<CODE> 1 (was CODE)
  Relative segment, address: CODE 00008240 - 00008257 (0x18 bytes), align: 1
  Segment part 42.            Intra module refs:   udi_dfu_atmel_setup
           ENTRY                   ADDRESS         REF BY
           =====                   =======         ======
           isp_start_appli         00008240 
               calls direct
               RSTACK = 00000000 ( 00000002 )
    -------------------------------------------------------------------------
<CODE> 1 (was CODE)
  Relative segment, address: CODE 00008258 - 00008297 (0x40 bytes), align: 1
  Segment part 43.
           ENTRY                   ADDRESS         REF BY
           =====                   =======         ======
           main                    00008258        ?need_segment_init (?C_STARTUP)
               calls direct
               RSTACK = 00000000 ( 00000002 )
    -------------------------------------------------------------------------
<CODE> 1 (was CODE)
  Relative segment, address: CODE 00008298 - 000082A1 (0xa bytes), align: 1
  Segment part 44.            Intra module refs:   ?Subroutine0
                                                   ?Subroutine6
           LOCAL                   ADDRESS         
           =====                   =======         
           nvm_wait_until_ready    00008298 
               RSTACK = 00000000 ( 00000002 )
    -------------------------------------------------------------------------
<CODE> 1 (was CODE)
  Relative segment, address: CODE 000082A2 - 000082A7 (0x6 bytes), align: 1
  Segment part 45.            Intra module refs:   ?Subroutine12
           LOCAL                   ADDRESS         
           =====                   =======         
           nvm_exec                000082A2 
               calls direct
               RSTACK = 00000000 ( 00000002 )
    -------------------------------------------------------------------------
<CODE> 1 (was CODE)
  Relative segment, address: CODE 000082A8 - 000082AB (0x4 bytes), align: 1
  Segment part 46.            Intra module refs:   ?Subroutine7
                                                   nvm_exec
                                                   nvm_issue_command
                                                   sysclk_init_opt
           LOCAL                   ADDRESS         
           =====                   =======         
           ?Subroutine61           000082A8 
    -------------------------------------------------------------------------
<CODE> 1 (was CODE)
  Relative segment, address: CODE 000082AC - 000082C3 (0x18 bytes), align: 1
  Segment part 47.            Intra module refs:   isp_erase_chip
                                                   nvm_eeprom_atomic_write_page
           LOCAL                   ADDRESS         
           =====                   =======         
           nvm_issue_command       000082AC 
               calls direct
               RSTACK = 00000000 ( 00000002 )
               CSTACK = 00000000 ( 00000001 )
    -------------------------------------------------------------------------
<CODE> 1 (was CODE)
  Relative segment, address: CODE 000082C4 - 000082EB (0x28 bytes), align: 1
  Segment part 48.            Intra module refs:   mem_eeprom_read
           ENTRY                   ADDRESS         REF BY
           =====                   =======         ======
           nvm_eeprom_read_buffer
                                   000082C4 
               calls direct
               RSTACK = 00000000 ( 00000002 )
               CSTACK = 00000000 ( 00000006 )
    -------------------------------------------------------------------------
<CODE> 1 (was CODE)
  Relative segment, address: CODE 000082EC - 000082F1 (0x6 bytes), align: 1
  Segment part 49.            Intra module refs:   nvm_eeprom_erase_and_write_buffer
                                                   nvm_eeprom_read_buffer
                                                   nvm_flash_read_buffer
           LOCAL                   ADDRESS         
           =====                   =======         
           ?Subroutine62           000082EC 
    -------------------------------------------------------------------------
<CODE> 1 (was CODE)
  Relative segment, address: CODE 000082F2 - 00008317 (0x26 bytes), align: 1
  Segment part 50.            Intra module refs:   nvm_eeprom_erase_and_write_buffer
           ENTRY                   ADDRESS         REF BY
           =====                   =======         ======
           nvm_eeprom_write_byte   000082F2 
               calls direct
               RSTACK = 00000000 ( 00000002 )
               CSTACK = 00000000 ( 00000004 )
    -------------------------------------------------------------------------
<CODE> 1 (was CODE)
  Relative segment, address: CODE 00008318 - 0000831D (0x6 bytes), align: 1
  Segment part 51.            Intra module refs:   ?Subroutine0
                                                   nvm_eeprom_write_byte
           LOCAL                   ADDRESS         
           =====                   =======         
           ?Subroutine45           00008318 
    -------------------------------------------------------------------------
<CODE> 1 (was CODE)
  Relative segment, address: CODE 0000831E - 00008325 (0x8 bytes), align: 1
  Segment part 52.            Intra module refs:   ?Subroutine45
                                                   nvm_eeprom_atomic_write_page
    -------------------------------------------------------------------------
<CODE> 1 (was CODE)
  Relative segment, address: CODE 00008326 - 0000836F (0x4a bytes), align: 1
  Segment part 53.            Intra module refs:   mem_eeprom_write
           ENTRY                   ADDRESS         REF BY
           =====                   =======         ======
           nvm_eeprom_erase_and_write_buffer
                                   00008326 
               calls direct
               RSTACK = 00000000 ( 00000004 )
               CSTACK = 00000000 ( 00000006 )
    -------------------------------------------------------------------------
<CODE> 1 (was CODE)
  Relative segment, address: CODE 00008370 - 00008373 (0x4 bytes), align: 1
  Segment part 54.            Intra module refs:   nvm_eeprom_erase_and_write_buffer
                                                   nvm_eeprom_read_buffer
                                                   nvm_flash_read_buffer
           LOCAL                   ADDRESS         
           =====                   =======         
           ?Subroutine14           00008370 
    -------------------------------------------------------------------------
<CODE> 1 (was CODE)
  Relative segment, address: CODE 00008374 - 00008383 (0x10 bytes), align: 1
  Segment part 55.            Intra module refs:   nvm_eeprom_fill_buffer_with_value
                                                   nvm_eeprom_write_byte
           ENTRY                   ADDRESS         REF BY
           =====                   =======         ======
           nvm_eeprom_flush_buffer
                                   00008374 
               calls direct
               RSTACK = 00000000 ( 00000002 )
    -------------------------------------------------------------------------
<CODE> 1 (was CODE)
  Relative segment, address: CODE 00008384 - 00008389 (0x6 bytes), align: 1
  Segment part 56.            Intra module refs:   nvm_eeprom_flush_buffer
                                                   nvm_eeprom_write_byte
           LOCAL                   ADDRESS         
           =====                   =======         
           ?Subroutine12           00008384 
    -------------------------------------------------------------------------
<CODE> 1 (was CODE)
  Relative segment, address: CODE 0000838A - 0000838B (0x2 bytes), align: 1
  Segment part 57.            Intra module refs:   isp_erase_chip
                                                   nvm_eeprom_atomic_write_page
                                                   nvm_eeprom_flush_buffer
                                                   nvm_eeprom_read_buffer
                                                   nvm_eeprom_write_byte
                                                   nvm_flash_erase_and_write_buffer
                                                   nvm_flash_read_buffer
           LOCAL                   ADDRESS         
           =====                   =======         
           ?Subroutine6            0000838A 
    -------------------------------------------------------------------------
<CODE> 1 (was CODE)
  Relative segment, address: CODE 0000838C - 000083AB (0x20 bytes), align: 1
  Segment part 58.            Intra module refs:   nvm_eeprom_erase_and_write_buffer
           ENTRY                   ADDRESS         REF BY
           =====                   =======         ======
           nvm_eeprom_load_page_to_buffer
                                   0000838C 
               calls direct
               RSTACK = 00000000 ( 00000002 )
               CSTACK = 00000000 ( 00000004 )
    -------------------------------------------------------------------------
<CODE> 1 (was CODE)
  Relative segment, address: CODE 000083AC - 000083AF (0x4 bytes), align: 1
  Segment part 59.            Intra module refs:   nvm_eeprom_load_page_to_buffer
                                                   nvm_eeprom_write_byte
                                                   udi_dfu_atmel_mem_check
           LOCAL                   ADDRESS         
           =====                   =======         
           ?Subroutine16           000083AC 
    -------------------------------------------------------------------------
<CODE> 1 (was CODE)
  Relative segment, address: CODE 000083B0 - 000083C9 (0x1a bytes), align: 1
  Segment part 60.            Intra module refs:   nvm_eeprom_erase_and_write_buffer
           ENTRY                   ADDRESS         REF BY
           =====                   =======         ======
           nvm_eeprom_atomic_write_page
                                   000083B0 
               calls direct
               RSTACK = 00000000 ( 00000002 )
               CSTACK = 00000000 ( 00000001 )
    -------------------------------------------------------------------------
<CODE> 1 (was CODE)
  Relative segment, address: CODE 000083CA - 000083EF (0x26 bytes), align: 1
  Segment part 61.            Intra module refs:   isp_erase_chip
           ENTRY                   ADDRESS         REF BY
           =====                   =======         ======
           nvm_eeprom_fill_buffer_with_value
                                   000083CA 
               calls direct
               RSTACK = 00000000 ( 00000002 )
               CSTACK = 00000000 ( 00000002 )
    -------------------------------------------------------------------------
<CODE> 1 (was CODE)
  Relative segment, address: CODE 000083F0 - 000083F9 (0xa bytes), align: 1
  Segment part 62.            Intra module refs:   nvm_eeprom_fill_buffer_with_value
                                                   nvm_eeprom_load_page_to_buffer
           LOCAL                   ADDRESS         
           =====                   =======         
           ?Subroutine0            000083F0 
    -------------------------------------------------------------------------
<CODE> 1 (was CODE)
  Relative segment, address: CODE 000083FA - 0000841D (0x24 bytes), align: 1
  Segment part 63.            Intra module refs:   mem_flash_read
           ENTRY                   ADDRESS         REF BY
           =====                   =======         ======
           nvm_flash_read_buffer   000083FA 
               calls direct
               RSTACK = 00000000 ( 00000002 )
               CSTACK = 00000000 ( 00000006 )
    -------------------------------------------------------------------------
<CODE> 1 (was CODE)
  Relative segment, address: CODE 0000841E - 000084BD (0xa0 bytes), align: 1
  Segment part 64.            Intra module refs:   mem_flash_write
           ENTRY                   ADDRESS         REF BY
           =====                   =======         ======
           nvm_flash_erase_and_write_buffer
                                   0000841E 
               calls direct
               RSTACK = 00000000 ( 00000002 )
               CSTACK = 00000000 ( 00000010 )
    -------------------------------------------------------------------------
<CODE> 1 (was CODE)
  Relative segment, address: CODE 000084BE - 000084C7 (0xa bytes), align: 1
  Segment part 65.            Intra module refs:   nvm_flash_erase_and_write_buffer
           LOCAL                   ADDRESS         
           =====                   =======         
           ?Subroutine9            000084BE 
    -------------------------------------------------------------------------
<CODE> 1 (was CODE)
  Relative segment, address: CODE 000084C8 - 000084D7 (0x10 bytes), align: 1
  Segment part 66.            Intra module refs:   nvm_flash_erase_and_write_buffer
           LOCAL                   ADDRESS         
           =====                   =======         
           ?Subroutine4            000084C8 
    -------------------------------------------------------------------------
<CODE> 1 (was CODE)
  Relative segment, address: CODE 000084D8 - 000084DB (0x4 bytes), align: 1
  Segment part 67.            Intra module refs:   ?Subroutine4
                                                   Segment part 173
           LOCAL                   ADDRESS         
           =====                   =======         
           ?Subroutine56           000084D8 
    -------------------------------------------------------------------------
<CODE> 1 (was CODE)
  Relative segment, address: CODE 000084DC - 000084E3 (0x8 bytes), align: 1
  Segment part 68.            Intra module refs:   isp_erase_chip
                                                   nvm_flash_erase_and_write_buffer
           LOCAL                   ADDRESS         
           =====                   =======         
           ?Subroutine2            000084DC 
    -------------------------------------------------------------------------
<CODE> 1 (was CODE)
  Relative segment, address: CODE 000084E4, align: 1
  Segment part 69.            Intra module refs:   sysclk_enable_module
           LOCAL                   ADDRESS         
           =====                   =======         
           cpu_irq_restore         000084E4 
               RSTACK = 00000000 ( 00000002 )
    -------------------------------------------------------------------------
<CODE> 1 (was CODE)
  Relative segment, address: CODE 000084E4 - 000084E7 (0x4 bytes), align: 1
  Segment part 70.            Intra module refs:   cpu_irq_restore
           LOCAL                   ADDRESS         
           =====                   =======         
           ?Subroutine57           000084E4 
    -------------------------------------------------------------------------
<CODE> 1 (was CODE)
  Relative segment, address: CODE 000084E8 - 000084FF (0x18 bytes), align: 1
  Segment part 71.            Intra module refs:   udd_enable
           ENTRY                   ADDRESS         REF BY
           =====                   =======         ======
           sysclk_enable_module    000084E8 
               calls direct
               RSTACK = 00000000 ( 00000002 )
    -------------------------------------------------------------------------
<CODE> 1 (was CODE)
  Relative segment, address: CODE 00008500 - 00008501 (0x2 bytes), align: 1
  Segment part 72.            Intra module refs:   sysclk_init_opt
           LOCAL                   ADDRESS         
           =====                   =======         
           cpu_irq_restore         00008500 
               RSTACK = 00000000 ( 00000002 )
    -------------------------------------------------------------------------
<CODE> 1 (was CODE)
  Relative segment, address: CODE 00008502, align: 1
  Segment part 73.            Intra module refs:   sysclk_init_opt
           LOCAL                   ADDRESS         
           =====                   =======         
           nvm_read_production_signature_row
                                   00008502 
               calls direct
               RSTACK = 00000000 ( 00000002 )
    -------------------------------------------------------------------------
<CODE> 1 (was CODE)
  Relative segment, address: CODE 00008502 - 0000850B (0xa bytes), align: 1
  Segment part 74.            Intra module refs:   nvm_read_production_signature_row
           LOCAL                   ADDRESS         
           =====                   =======         
           ?Subroutine64           00008502 
    -------------------------------------------------------------------------
<CODE> 1 (was CODE)
  Relative segment, address: CODE 0000850C - 00008561 (0x56 bytes), align: 1
  Segment part 75.            Intra module refs:   main
           ENTRY                   ADDRESS         REF BY
           =====                   =======         ======
           sysclk_init_opt         0000850C 
               calls direct
               RSTACK = 00000000 ( 00000002 )
    -------------------------------------------------------------------------
<CODE> 1 (was CODE)
  Relative segment, address: CODE 00008562 - 00008565 (0x4 bytes), align: 1
  Segment part 76.            Intra module refs:   ?Subroutine13
                                                   sysclk_init_opt
           LOCAL                   ADDRESS         
           =====                   =======         
           ?Subroutine58           00008562 
    -------------------------------------------------------------------------
<CODE> 1 (was CODE)
  Relative segment, address: CODE 00008566 - 00008569 (0x4 bytes), align: 1
  Segment part 77.            Intra module refs:   isp_start_appli
                                                   main
                                                   sysclk_init_opt
                                                   udd_enable
           LOCAL                   ADDRESS         
           =====                   =======         
           ?Subroutine7            00008566 
    -------------------------------------------------------------------------
<CODE> 1 (was CODE)
  Relative segment, address: CODE 0000856A - 00008575 (0xc bytes), align: 1
  Segment part 78.            Intra module refs:   handler_USB_BUSEVENT_vect
                                                   udc_reqstd
           ENTRY                   ADDRESS         REF BY
           =====                   =======         ======
           udc_reset               0000856A 
               RSTACK = 00000000 ( 00000002 )
    -------------------------------------------------------------------------
<CODE> 1 (was CODE)
  Relative segment, address: CODE 00008576 - 0000857B (0x6 bytes), align: 1
  Segment part 79.            Intra module refs:   isp_start_appli
                                                   main
                                                   udc_reset
           LOCAL                   ADDRESS         
           =====                   =======         
           ?Subroutine8            00008576 
    -------------------------------------------------------------------------
<CODE> 1 (was CODE)
  Relative segment, address: CODE 0000857C - 00008587 (0xc bytes), align: 1
  Segment part 80.            Intra module refs:   udc_reqstd
           LOCAL                   ADDRESS         
           =====                   =======         
           udc_valid_address       0000857C 
               RSTACK = 00000000 ( 00000002 )
    -------------------------------------------------------------------------
<CODE> 1 (was CODE)
  Relative segment, address: CODE 00008588 - 000085D7 (0x50 bytes), align: 1
  Segment part 81.            Intra module refs:   udc_reqstd
           LOCAL                   ADDRESS         
           =====                   =======         
           udc_req_std_dev_get_descriptor
                                   00008588 
               calls direct
               RSTACK = 00000000 ( 00000002 )
               CSTACK = 00000000 ( 00000002 )
    -------------------------------------------------------------------------
<CODE> 1 (was CODE)
  Relative segment, address: CODE 000085D8 - 00008639 (0x62 bytes), align: 1
  Segment part 82.            Intra module refs:   udc_process_setup
           LOCAL                   ADDRESS         
           =====                   =======         
           udc_reqstd              000085D8 
               calls direct
               RSTACK = 00000000 ( 00000002 )
               CSTACK = 00000000 ( 00000002 )
    -------------------------------------------------------------------------
<CODE> 1 (was CODE)
  Relative segment, address: CODE 0000863A - 00008677 (0x3e bytes), align: 1
  Segment part 83.            Intra module refs:   udd_ctrl_setup_received
           ENTRY                   ADDRESS         REF BY
           =====                   =======         ======
           udc_process_setup       0000863A 
               calls direct
               RSTACK = 00000000 ( 00000002 )
    -------------------------------------------------------------------------
NEAR_Z
  Relative segment, address: DATA 000020E8 - 000020EF (0x8 bytes), align: 0
  Segment part 9.             Intra module refs:   ?Subroutine54
                                                   mem_signature_read
                                                   udi_dfu_atmel_enable
                                                   udi_dfu_atmel_mem_check
                                                   udi_dfu_atmel_program
                                                   udi_dfu_atmel_read
                                                   udi_dfu_atmel_setup
                                                   udi_dfu_flip_msg_decode
           LOCAL                   ADDRESS         
           =====                   =======         
           mem_signature           000020E8 
           udi_dfu_atmel_reset     000020EE 
           udi_dfu_atmel_security
                                   000020EF 
           udi_dfu_atmel_upload_callback
                                   000020EC 
    -------------------------------------------------------------------------
NEAR_Z
  Relative segment, address: DATA 000020F0 - 000020F2 (0x3 bytes), align: 0
  Segment part 26.            Intra module refs:   udc_reqstd
                                                   udc_reset
           LOCAL                   ADDRESS         
           =====                   =======         
           udc_device_status       000020F0 
           udc_num_configuration   000020F2 
    -------------------------------------------------------------------------
<CODE> 1 (was CODE)
  Relative segment, address: CODE 00008678 - 000086AF (0x38 bytes), align: 1
  Segment part 84.            Intra module refs:   udc_reqstd
           ENTRY                   ADDRESS         REF BY
           =====                   =======         ======
           udi_dfu_atmel_enable    00008678 
               calls direct
               RSTACK = 00000000 ( 00000002 )
    -------------------------------------------------------------------------
<CODE> 1 (was CODE)
  Relative segment, address: CODE 000086B0 - 00008717 (0x68 bytes), align: 1
  Segment part 85.            Intra module refs:   udc_process_setup
           ENTRY                   ADDRESS         REF BY
           =====                   =======         ======
           udi_dfu_atmel_setup     000086B0 
               calls direct and indirect
               RSTACK = 00000000 ( 00000002 )
               CSTACK = 00000000 ( 00000002 )
    -------------------------------------------------------------------------
<CODE> 1 (was CODE)
  Relative segment, address: CODE 00008718 - 00008719 (0x2 bytes), align: 1
  Segment part 86.            Intra module refs:   udi_dfu_atmel_enable
                                                   udi_dfu_atmel_setup
                                                   udi_dfu_flip_msg_decode
           LOCAL                   ADDRESS         
           =====                   =======         
           ?Subroutine30           00008718 
    -------------------------------------------------------------------------
<CODE> 1 (was CODE)
  Relative segment, address: CODE 0000871A - 00008723 (0xa bytes), align: 1
  Segment part 87.            Intra module refs:   udc_reqstd
                                                   udi_dfu_atmel_setup
           LOCAL                   ADDRESS         
           =====                   =======         
           ?Subroutine26           0000871A 
    -------------------------------------------------------------------------
<CODE> 1 (was CODE)
  Relative segment, address: CODE 00008724 - 0000872F (0xc bytes), align: 1
  Segment part 88.            Intra module refs:   udc_reqstd
                                                   udi_dfu_atmel_setup
           LOCAL                   ADDRESS         
           =====                   =======         
           ?Subroutine23           00008724 
    -------------------------------------------------------------------------
<CODE> 1 (was CODE)
  Relative segment, address: CODE 00008730 - 00008745 (0x16 bytes), align: 1
  Segment part 89.            Intra module refs:   ?Subroutine30
           LOCAL                   ADDRESS         
           =====                   =======         
           udi_dfu_atmel_reset_protocol
                                   00008730 
               RSTACK = 00000000 ( 00000002 )
    -------------------------------------------------------------------------
<CODE> 1 (was CODE)
  Relative segment, address: CODE 00008746 - 0000879F (0x5a bytes), align: 1
  Segment part 90.            Intra module refs:   udi_dfu_atmel_setup
           LOCAL                   ADDRESS         
           =====                   =======         
           udi_dfu_flip_msg_decode
                                   00008746 
               calls direct
               RSTACK = 00000000 ( 00000002 )
    -------------------------------------------------------------------------
<CODE> 1 (was CODE)
  Relative segment, address: CODE 000087A0 - 000087A3 (0x4 bytes), align: 1
  Segment part 91.            Intra module refs:   udc_process_setup
                                                   udc_req_std_dev_get_descriptor
                                                   udd_ctrl_interrupt_error
                                                   udd_ctrl_interrupt_tc_setup
                                                   udi_dfu_atmel_blankcheck
                                                   udi_dfu_atmel_mem_protected
                                                   udi_dfu_atmel_select_memory
                                                   udi_dfu_flip_msg_decode
           LOCAL                   ADDRESS         
           =====                   =======         
           ?Subroutine59           000087A0 
    -------------------------------------------------------------------------
<CODE> 1 (was CODE)
  Relative segment, address: CODE 000087A4 - 000087E5 (0x42 bytes), align: 1
  Segment part 92.            Intra module refs:   udi_dfu_flip_msg_decode
           LOCAL                   ADDRESS         
           =====                   =======         
           udi_dfu_atmel_program   000087A4 
               calls direct
               RSTACK = 00000000 ( 00000002 )
               CSTACK = 00000000 ( 00000002 )
    -------------------------------------------------------------------------
<CODE> 1 (was CODE)
  Relative segment, address: CODE 000087E6 - 000087F1 (0xc bytes), align: 1
  Segment part 93.            Intra module refs:   udi_dfu_atmel_program
                                                   udi_dfu_atmel_select_memory
                                                   udi_dfu_atmel_setup
           LOCAL                   ADDRESS         
           =====                   =======         
           ?Subroutine28           000087E6 
    -------------------------------------------------------------------------
<CODE> 1 (was CODE)
  Relative segment, address: CODE 000087F2 - 000087F5 (0x4 bytes), align: 1
  Segment part 94.            Intra module refs:   udi_dfu_atmel_mem_read
                                                   udi_dfu_atmel_mem_send_last_add
                                                   udi_dfu_atmel_program
           LOCAL                   ADDRESS         
           =====                   =======         
           ?Subroutine21           000087F2 
    -------------------------------------------------------------------------
<CODE> 1 (was CODE)
  Relative segment, address: CODE 000087F6 - 000087F7 (0x2 bytes), align: 1
  Segment part 95.            Intra module refs:   ?Subroutine21
                                                   udc_req_std_dev_get_descriptor
                                                   udc_reqstd
                                                   udi_dfu_atmel_setup
    -------------------------------------------------------------------------
<CODE> 1 (was CODE)
  Relative segment, address: CODE 000087F8 - 000087FD (0x6 bytes), align: 1
  Segment part 96.            Intra module refs:   udc_reqstd
                                                   udi_dfu_atmel_program
                                                   udi_dfu_atmel_read
                                                   udi_dfu_atmel_setup
           LOCAL                   ADDRESS         
           =====                   =======         
           ?Subroutine17           000087F8 
    -------------------------------------------------------------------------
<CODE> 1 (was CODE)
  Relative segment, address: CODE 000087FE - 0000882D (0x30 bytes), align: 1
  Segment part 97.            Intra module refs:   udi_dfu_flip_msg_decode
           LOCAL                   ADDRESS         
           =====                   =======         
           udi_dfu_atmel_read      000087FE 
               calls direct
               RSTACK = 00000000 ( 00000002 )
               CSTACK = 00000000 ( 00000002 )
    -------------------------------------------------------------------------
<CODE> 1 (was CODE)
  Relative segment, address: CODE 0000882E - 00008833 (0x6 bytes), align: 1
  Segment part 98.            Intra module refs:   ?Subroutine23
                                                   ?Subroutine24
                                                   udd_ctrl_endofrequest
                                                   udi_dfu_atmel_program
                                                   udi_dfu_atmel_read
           LOCAL                   ADDRESS         
           =====                   =======         
           ?Subroutine47           0000882E 
    -------------------------------------------------------------------------
<CODE> 1 (was CODE)
  Relative segment, address: CODE 00008834 - 00008839 (0x6 bytes), align: 1
  Segment part 99.            Intra module refs:   udi_dfu_atmel_blankcheck
                                                   udi_dfu_atmel_program
                                                   udi_dfu_atmel_read
           LOCAL                   ADDRESS         
           =====                   =======         
           ?Subroutine32           00008834 
    -------------------------------------------------------------------------
<CODE> 1 (was CODE)
  Relative segment, address: CODE 0000883A - 0000883D (0x4 bytes), align: 1
  Segment part 100.           Intra module refs:   ?Subroutine32
                                                   ?Subroutine39
           LOCAL                   ADDRESS         
           =====                   =======         
           ?Subroutine60           0000883A 
    -------------------------------------------------------------------------
<CODE> 1 (was CODE)
  Relative segment, address: CODE 0000883E - 0000883F (0x2 bytes), align: 1
  Segment part 101.           Intra module refs:   udi_dfu_atmel_blankcheck
                                                   udi_dfu_atmel_read
           LOCAL                   ADDRESS         
           =====                   =======         
           ?Subroutine29           0000883E 
    -------------------------------------------------------------------------
<CODE> 1 (was CODE)
  Relative segment, address: CODE 00008840 - 00008847 (0x8 bytes), align: 1
  Segment part 102.           Intra module refs:   ?Subroutine29
                                                   udi_dfu_atmel_mem_getaddr
    -------------------------------------------------------------------------
<CODE> 1 (was CODE)
  Relative segment, address: CODE 00008848 - 00008857 (0x10 bytes), align: 1
  Segment part 103.           Intra module refs:   udi_dfu_flip_msg_decode
           LOCAL                   ADDRESS         
           =====                   =======         
           udi_dfu_atmel_blankcheck
                                   00008848 
               calls direct
               RSTACK = 00000000 ( 00000002 )
    -------------------------------------------------------------------------
<CODE> 1 (was CODE)
  Relative segment, address: CODE 00008858 - 00008865 (0xe bytes), align: 1
  Segment part 104.           Intra module refs:   udi_dfu_atmel_blankcheck
                                                   udi_dfu_atmel_read
           LOCAL                   ADDRESS         
           =====                   =======         
           ?Subroutine18           00008858 
    -------------------------------------------------------------------------
<CODE> 1 (was CODE)
  Relative segment, address: CODE 00008866 - 00008887 (0x22 bytes), align: 1
  Segment part 105.           Intra module refs:   udi_dfu_flip_msg_decode
           LOCAL                   ADDRESS         
           =====                   =======         
           udi_dfu_atmel_select_memory
                                   00008866 
               calls direct
               RSTACK = 00000000 ( 00000002 )
    -------------------------------------------------------------------------
<CODE> 1 (was CODE)
  Relative segment, address: CODE 00008888 - 0000888B (0x4 bytes), align: 1
  Segment part 106.           Intra module refs:   udi_dfu_atmel_enable
                                                   udi_dfu_flip_msg_decode
           LOCAL                   ADDRESS         
           =====                   =======         
           ?Subroutine54           00008888 
    -------------------------------------------------------------------------
<CODE> 1 (was CODE)
  Relative segment, address: CODE 0000888C - 0000888F (0x4 bytes), align: 1
  Segment part 107.           Intra module refs:   ?Subroutine54
                                                   isp_erase_chip
                                                   udc_process_setup
                                                   udc_req_std_dev_get_descriptor
                                                   udd_ctrl_interrupt_error
                                                   udd_ctrl_interrupt_tc_setup
                                                   udi_dfu_atmel_blankcheck
                                                   udi_dfu_atmel_mem_send_last_add
                                                   udi_dfu_atmel_select_memory
    -------------------------------------------------------------------------
<CODE> 1 (was CODE)
  Relative segment, address: CODE 00008890 - 000088C5 (0x36 bytes), align: 1
  Segment part 108.           Intra module refs:   udi_dfu_atmel_select_memory
           LOCAL                   ADDRESS         
           =====                   =======         
           udi_dfu_atmel_sel_mem   00008890 
               RSTACK = 00000000 ( 00000004 )
    -------------------------------------------------------------------------
<CODE> 1 (was CODE)
  Relative segment, address: CODE 000088C6 - 000088D3 (0xe bytes), align: 1
  Segment part 109.           Intra module refs:   udi_dfu_atmel_program
                                                   udi_dfu_atmel_read
           LOCAL                   ADDRESS         
           =====                   =======         
           udi_dfu_atmel_mem_protected
                                   000088C6 
               RSTACK = 00000000 ( 00000002 )
    -------------------------------------------------------------------------
<CODE> 1 (was CODE)
  Relative segment, address: CODE 000088D4 - 0000891D (0x4a bytes), align: 1
  Segment part 110.           Intra module refs:   ?Subroutine32
           LOCAL                   ADDRESS         
           =====                   =======         
           udi_dfu_atmel_mem_getaddr
                                   000088D4 
               RSTACK = 00000000 ( 00000002 )
    -------------------------------------------------------------------------
<CODE> 1 (was CODE)
  Relative segment, address: CODE 0000891E - 00008923 (0x6 bytes), align: 1
  Segment part 111.           Intra module refs:   udc_process_setup
                                                   udc_req_std_dev_get_descriptor
                                                   udd_ctrl_send_zlp_in
                                                   udd_ctrl_setup_received
                                                   udd_set_setup_payload
                                                   udi_dfu_atmel_mem_getaddr
                                                   udi_dfu_atmel_mem_send_last_add
                                                   udi_dfu_atmel_reset_protocol
                                                   udi_dfu_atmel_select_memory
           LOCAL                   ADDRESS         
           =====                   =======         
           ?Subroutine19           0000891E 
    -------------------------------------------------------------------------
<CODE> 1 (was CODE)
  Relative segment, address: CODE 00008924 - 0000893D (0x1a bytes), align: 1
  Segment part 112.           Intra module refs:   udi_dfu_atmel_read
           LOCAL                   ADDRESS         
           =====                   =======         
           udi_dfu_atmel_mem_read
                                   00008924 
               calls direct and indirect
               RSTACK = 00000000 ( 00000002 )
               CSTACK = 00000000 ( 00000002 )
    -------------------------------------------------------------------------
<CODE> 1 (was CODE)
  Relative segment, address: CODE 0000893E - 000089BF (0x82 bytes), align: 1
  Segment part 113.           Intra module refs:   udi_dfu_atmel_blankcheck
           LOCAL                   ADDRESS         
           =====                   =======         
           udi_dfu_atmel_mem_check
                                   0000893E 
               calls indirect
               RSTACK = 00000000 ( 00000002 )
               CSTACK = 00000000 ( 00000004 )
    -------------------------------------------------------------------------
<CODE> 1 (was CODE)
  Relative segment, address: CODE 000089C0 - 000089C5 (0x6 bytes), align: 1
  Segment part 114.           Intra module refs:   nvm_eeprom_load_page_to_buffer
                                                   nvm_eeprom_write_byte
                                                   udd_ctrl_in_sent
                                                   udd_ctrl_out_received
                                                   udi_dfu_atmel_mem_check
           LOCAL                   ADDRESS         
           =====                   =======         
           ?Subroutine63           000089C0 
    -------------------------------------------------------------------------
<CODE> 1 (was CODE)
  Relative segment, address: CODE 000089C6 - 000089CF (0xa bytes), align: 1
  Segment part 115.           Intra module refs:   udi_dfu_atmel_mem_check
                                                   udi_dfu_atmel_mem_read
           LOCAL                   ADDRESS         
           =====                   =======         
           ?Subroutine36           000089C6 
    -------------------------------------------------------------------------
<CODE> 1 (was CODE)
  Relative segment, address: CODE 000089D0 - 000089E5 (0x16 bytes), align: 1
  Segment part 116.           Intra module refs:   udi_dfu_atmel_mem_check
           LOCAL                   ADDRESS         
           =====                   =======         
           udi_dfu_atmel_mem_send_last_add
                                   000089D0 
               calls direct
               RSTACK = 00000000 ( 00000002 )
    -------------------------------------------------------------------------
<CODE> 1 (was CODE)
  Relative segment, address: CODE 000089E6 - 00008A11 (0x2c bytes), align: 1
  Segment part 117.           Intra module refs:   udi_dfu_atmel_program
           LOCAL                   ADDRESS         
           =====                   =======         
           udi_dfu_atmel_mem_write
                                   000089E6 
               calls indirect
               RSTACK = 00000000 ( 00000002 )
               CSTACK = 00000000 ( 00000002 )
    -------------------------------------------------------------------------
<CODE> 1 (was CODE)
  Relative segment, address: CODE 00008A12 - 00008A1B (0xa bytes), align: 1
  Segment part 118.           Intra module refs:   udi_dfu_atmel_mem_read
                                                   udi_dfu_atmel_mem_write
           LOCAL                   ADDRESS         
           =====                   =======         
           ?Subroutine24           00008A12 
    -------------------------------------------------------------------------
<CODE> 1 (was CODE)
  Relative segment, address: CODE 00008A1C - 00008A1D (0x2 bytes), align: 1
  Segment part 119.           Intra module refs:   udi_dfu_atmel_mem_read
                                                   udi_dfu_atmel_mem_write
           LOCAL                   ADDRESS         
           =====                   =======         
           ?Subroutine22           00008A1C 
    -------------------------------------------------------------------------
<CODE> 1 (was CODE)
  Relative segment, address: CODE 00008A1E - 00008A23 (0x6 bytes), align: 1
  Segment part 120.           Intra module refs:   ?Subroutine22
                                                   udc_reqstd
                                                   udd_ctrl_endofrequest
                                                   udi_dfu_atmel_program
                                                   udi_dfu_atmel_read
                                                   udi_dfu_atmel_setup
    -------------------------------------------------------------------------
NEAR_I
  Relative segment, address: DATA 000020C0 - 000020E7 (0x28 bytes), align: 1
  Segment part 27.            Intra module refs:   udc_req_std_dev_get_descriptor
           ENTRY                   ADDRESS         REF BY
           =====                   =======         ======
           udc_desc_fs             000020C0 
           udc_device_desc         000020D2 
           LOCAL                   ADDRESS         
           =====                   =======         
           udc_string_desc_languageid
                                   000020E4 
    -------------------------------------------------------------------------
<CODE> 1 (was CODE)
  Relative segment, address: CODE 00008A24 - 00008A25 (0x2 bytes), align: 1
  Segment part 121.           Intra module refs:   udd_attach
                                                   udd_enable
           LOCAL                   ADDRESS         
           =====                   =======         
           cpu_irq_restore         00008A24 
               RSTACK = 00000000 ( 00000002 )
    -------------------------------------------------------------------------
<CODE> 1 (was CODE)
  Relative segment, address: CODE 00008A26 - 00008A27 (0x2 bytes), align: 1
  Segment part 122.           Intra module refs:   ?Subroutine34
           LOCAL                   ADDRESS         
           =====                   =======         
           nvm_read_production_signature_row
                                   00008A26 
               calls direct
               RSTACK = 00000000 ( 00000002 )
    -------------------------------------------------------------------------
<CODE> 1 (was CODE)
  Relative segment, address: CODE 00008A28 - 00008A39 (0x12 bytes), align: 1
  Segment part 123.           Intra module refs:   udd_enable
           LOCAL                   ADDRESS         
           =====                   =======         
           usb_pad_init            00008A28 
               calls direct
               RSTACK = 00000000 ( 00000002 )
    -------------------------------------------------------------------------
<CODE> 1 (was CODE)
  Relative segment, address: CODE 00008A3A - 00008A43 (0xa bytes), align: 1
  Segment part 124.           Intra module refs:   usb_pad_init
           LOCAL                   ADDRESS         
           =====                   =======         
           ?Subroutine34           00008A3A 
    -------------------------------------------------------------------------
<CODE> 1 (was CODE)
  Relative segment, address: CODE 00008A44 - 00008AB7 (0x74 bytes), align: 1
  Segment part 125.           Intra module refs:   main
           ENTRY                   ADDRESS         REF BY
           =====                   =======         ======
           udd_enable              00008A44 
               calls direct
               RSTACK = 00000000 ( 00000002 )
               CSTACK = 00000000 ( 00000003 )
    -------------------------------------------------------------------------
<CODE> 1 (was CODE)
  Relative segment, address: CODE 00008AB8 - 00008AF3 (0x3c bytes), align: 1
  Segment part 126.           Intra module refs:   main
           ENTRY                   ADDRESS         REF BY
           =====                   =======         ======
           udd_attach              00008AB8 
               calls direct
               RSTACK = 00000000 ( 00000002 )
    -------------------------------------------------------------------------
<CODE> 1 (was CODE)
  Relative segment, address: CODE 00008AF4 - 00008AFF (0xc bytes), align: 1
  Segment part 127.           Intra module refs:   Segment part 95
           ENTRY                   ADDRESS         REF BY
           =====                   =======         ======
           udd_set_setup_payload   00008AF4 
               RSTACK = 00000000 ( 00000002 )
    -------------------------------------------------------------------------
<CODE> 1 (was CODE)
  Relative segment, address: CODE 00008B00 - 00008B5D (0x5e bytes), align: 1
  Segment part 128.           Intra module refs:   handler_USB_BUSEVENT_vect::??INTVEC 0
           ENTRY                   ADDRESS         REF BY
           =====                   =======         ======
           handler_USB_BUSEVENT_vect
                                   00008B00 
               interrupt function
               calls direct
               RSTACK = 00000000 ( 00000002 )
               CSTACK = 00000000 ( 0000000F )
    -------------------------------------------------------------------------
<CODE> 1 (was CODE)
  Relative segment, address: CODE 00008B5E - 00008B61 (0x4 bytes), align: 1
  Segment part 129.           Intra module refs:   handler_USB_BUSEVENT_vect
                                                   handler_USB_TRNCOMPL_vect
           LOCAL                   ADDRESS         
           =====                   =======         
           ?Subroutine65           00008B5E 
    -------------------------------------------------------------------------
<CODE> 1 (was CODE)
  Relative segment, address: CODE 00008B62 - 00008B9B (0x3a bytes), align: 1
  Segment part 130.           Intra module refs:   handler_USB_TRNCOMPL_vect::??INTVEC 4
           ENTRY                   ADDRESS         REF BY
           =====                   =======         ======
           handler_USB_TRNCOMPL_vect
                                   00008B62 
               interrupt function
               calls direct
               RSTACK = 00000000 ( 00000002 )
               CSTACK = 00000000 ( 0000000F )
    -------------------------------------------------------------------------
<CODE> 1 (was CODE)
  Relative segment, address: CODE 00008B9C - 00008BB9 (0x1e bytes), align: 1
  Segment part 131.           Intra module refs:   ?Subroutine65
           LOCAL                   ADDRESS         
           =====                   =======         
           ?Subroutine37           00008B9C 
    -------------------------------------------------------------------------
<CODE> 1 (was CODE)
  Relative segment, address: CODE 00008BBA - 00008BBD (0x4 bytes), align: 1
  Segment part 132.           Intra module refs:   ?Subroutine37
                                                   nvm_eeprom_atomic_write_page
                                                   nvm_issue_command
                                                   udd_ep_init
           LOCAL                   ADDRESS         
           =====                   =======         
           ?Subroutine55           00008BBA 
    -------------------------------------------------------------------------
<CODE> 1 (was CODE)
  Relative segment, address: CODE 00008BBE - 00008BDF (0x22 bytes), align: 1
  Segment part 133.           Intra module refs:   handler_USB_BUSEVENT_vect
                                                   handler_USB_TRNCOMPL_vect
           LOCAL                   ADDRESS         
           =====                   =======         
           ?Subroutine10           00008BBE 
    -------------------------------------------------------------------------
<CODE> 1 (was CODE)
  Relative segment, address: CODE 00008BE0 - 00008BE1 (0x2 bytes), align: 1
  Segment part 134.           Intra module refs:   handler_USB_TRNCOMPL_vect
           LOCAL                   ADDRESS         
           =====                   =======         
           ?Subroutine5            00008BE0 
    -------------------------------------------------------------------------
<CODE> 1 (was CODE)
  Relative segment, address: CODE 00008BE2 - 00008BE3 (0x2 bytes), align: 1
  Segment part 135.           Intra module refs:   ?Subroutine5
                                                   handler_USB_TRNCOMPL_vect
                                                   udd_ep_init
           LOCAL                   ADDRESS         
           =====                   =======         
           ?Subroutine49           00008BE2 
    -------------------------------------------------------------------------
<CODE> 1 (was CODE)
  Relative segment, address: CODE 00008BE4 - 00008C17 (0x34 bytes), align: 1
  Segment part 136.           Intra module refs:   handler_USB_BUSEVENT_vect
           LOCAL                   ADDRESS         
           =====                   =======         
           udd_ep_init             00008BE4 
               calls direct
               RSTACK = 00000000 ( 00000002 )
               CSTACK = 00000000 ( 00000001 )
    -------------------------------------------------------------------------
<CODE> 1 (was CODE)
  Relative segment, address: CODE 00008C18 - 00008C35 (0x1e bytes), align: 1
  Segment part 137.           Intra module refs:   ?Subroutine49
           LOCAL                   ADDRESS         
           =====                   =======         
           udd_ep_get_ctrl         00008C18 
               RSTACK = 00000000 ( 00000004 )
    -------------------------------------------------------------------------
<CODE> 1 (was CODE)
  Relative segment, address: CODE 00008C36 - 00008C3B (0x6 bytes), align: 1
  Segment part 138.           Intra module refs:   isp_erase_chip
                                                   udd_ctrl_init
                                                   udd_enable
                                                   udd_ep_get_ctrl
           LOCAL                   ADDRESS         
           =====                   =======         
           ?Subroutine3            00008C36 
    -------------------------------------------------------------------------
<CODE> 1 (was CODE)
  Relative segment, address: CODE 00008C3C - 00008C81 (0x46 bytes), align: 1
  Segment part 139.           Intra module refs:   Segment part 147
           LOCAL                   ADDRESS         
           =====                   =======         
           udd_ctrl_init           00008C3C 
               RSTACK = 00000000 ( 00000002 )
    -------------------------------------------------------------------------
<CODE> 1 (was CODE)
  Relative segment, address: CODE 00008C82 - 00008CDF (0x5e bytes), align: 1
  Segment part 140.           Intra module refs:   udd_ctrl_interrupt_tc_setup
           LOCAL                   ADDRESS         
           =====                   =======         
           udd_ctrl_setup_received
                                   00008C82 
               calls direct
               RSTACK = 00000000 ( 00000002 )
               CSTACK = 00000000 ( 00000002 )
    -------------------------------------------------------------------------
<CODE> 1 (was CODE)
  Relative segment, address: CODE 00008CE0 - 00008CE1 (0x2 bytes), align: 1
  Segment part 141.           Intra module refs:   udd_ctrl_setup_received
                                                   udd_ctrl_underflow
           LOCAL                   ADDRESS         
           =====                   =======         
           ?Subroutine66           00008CE0 
    -------------------------------------------------------------------------
<CODE> 1 (was CODE)
  Relative segment, address: CODE 00008CE2 - 00008CE7 (0x6 bytes), align: 1
  Segment part 142.           Intra module refs:   udc_process_setup
                                                   udc_req_std_dev_get_descriptor
                                                   udd_ctrl_in_sent
                                                   udd_ctrl_setup_received
           LOCAL                   ADDRESS         
           =====                   =======         
           ?Subroutine25           00008CE2 
    -------------------------------------------------------------------------
<CODE> 1 (was CODE)
  Relative segment, address: CODE 00008CE8 - 00008CED (0x6 bytes), align: 1
  Segment part 143.           Intra module refs:   udd_ctrl_setup_received
                                                   udd_enable
           LOCAL                   ADDRESS         
           =====                   =======         
           ?Subroutine13           00008CE8 
    -------------------------------------------------------------------------
<CODE> 1 (was CODE)
  Relative segment, address: CODE 00008CEE - 00008CF9 (0xc bytes), align: 1
  Segment part 144.           Intra module refs:   udd_ctrl_setup_received
           LOCAL                   ADDRESS         
           =====                   =======         
           ?Subroutine1            00008CEE 
    -------------------------------------------------------------------------
<CODE> 1 (was CODE)
  Relative segment, address: CODE 00008CFA - 00008D7D (0x84 bytes), align: 1
  Segment part 145.           Intra module refs:   handler_USB_TRNCOMPL_vect
                                                   udd_ctrl_setup_received
           LOCAL                   ADDRESS         
           =====                   =======         
           udd_ctrl_in_sent        00008CFA 
               calls direct and indirect
               RSTACK = 00000000 ( 00000002 )
               CSTACK = 00000000 ( 00000004 )
    -------------------------------------------------------------------------
[...]
           =====                   =======         ======
           ?PROLOGUE6_L09          00008150        ?Subroutine14 (isp)
    -------------------------------------------------------------------------
<BOOT,CODE> 1 (was CODE)
  Relative segment, address: CODE 00008152 - 00008153 (0x2 bytes), align: 1
  Segment part 11.            Intra module refs:   ?PROLOGUE6_L09
           ENTRY                   ADDRESS         REF BY
           =====                   =======         ======
           ?PROLOGUE5_L09          00008152 
    -------------------------------------------------------------------------
<BOOT,CODE> 1 (was CODE)
  Relative segment, address: CODE 00008154 - 00008155 (0x2 bytes), align: 1
  Segment part 12.            Intra module refs:   ?PROLOGUE5_L09
           ENTRY                   ADDRESS         REF BY
           =====                   =======         ======
           ?PROLOGUE4_L09          00008154        ?Subroutine11 (isp)
                                                   ?Subroutine16 (isp)
    -------------------------------------------------------------------------
<BOOT,CODE> 1 (was CODE)
  Relative segment, address: CODE 00008156 - 00008157 (0x2 bytes), align: 1
  Segment part 13.            Intra module refs:   ?PROLOGUE4_L09
           ENTRY                   ADDRESS         REF BY
           =====                   =======         ======
           ?PROLOGUE3_L09          00008156        udd_enable (isp)
    -------------------------------------------------------------------------
<BOOT,CODE> 1 (was CODE)
  Relative segment, address: CODE 00008158 - 00008159 (0x2 bytes), align: 1
  Segment part 14.            Intra module refs:   ?PROLOGUE3_L09
           ENTRY                   ADDRESS         REF BY
           =====                   =======         ======
           ?PROLOGUE2_L09          00008158 
    -------------------------------------------------------------------------
<BOOT,CODE> 1 (was CODE)
  Relative segment, address: CODE 0000815A - 0000815B (0x2 bytes), align: 1
  Segment part 15.            Intra module refs:   ?PROLOGUE2_L09
           ENTRY                   ADDRESS         REF BY
           =====                   =======         ======
           ?PROLOGUE1_L09          0000815A 
    -------------------------------------------------------------------------
<BOOT,CODE> 1 (was CODE)
  Relative segment, address: CODE 0000815C - 0000815D (0x2 bytes), align: 1
  Segment part 16.            Intra module refs:   ?PROLOGUE1_L09

    -------------------------------------------------------------------------
  LIBRARY MODULE, NAME : ?EPILOGUE_B_L09

  SEGMENTS IN THE MODULE
  ======================
<BOOT,CODE> 1 (was CODE)
  Relative segment, address: CODE 0000811A - 0000811B (0x2 bytes), align: 1
  Segment part 2.
           ENTRY                   ADDRESS         REF BY
           =====                   =======         ======
           ?EPILOGUE_B14_L09       0000811A        nvm_flash_erase_and_write_buffer (isp)
    -------------------------------------------------------------------------
<BOOT,CODE> 1 (was CODE)
  Relative segment, address: CODE 0000811C - 0000811D (0x2 bytes), align: 1
  Segment part 3.             Intra module refs:   ?EPILOGUE_B14_L09
           ENTRY                   ADDRESS         REF BY
           =====                   =======         ======
           ?EPILOGUE_B13_L09       0000811C 
    -------------------------------------------------------------------------
<BOOT,CODE> 1 (was CODE)
  Relative segment, address: CODE 0000811E - 0000811F (0x2 bytes), align: 1
  Segment part 4.             Intra module refs:   ?EPILOGUE_B13_L09
           ENTRY                   ADDRESS         REF BY
           =====                   =======         ======
           ?EPILOGUE_B12_L09       0000811E 
    -------------------------------------------------------------------------
<BOOT,CODE> 1 (was CODE)
  Relative segment, address: CODE 00008120 - 00008121 (0x2 bytes), align: 1
  Segment part 5.             Intra module refs:   ?EPILOGUE_B12_L09
           ENTRY                   ADDRESS         REF BY
           =====                   =======         ======
           ?EPILOGUE_B11_L09       00008120 
    -------------------------------------------------------------------------
<BOOT,CODE> 1 (was CODE)
  Relative segment, address: CODE 00008122 - 00008123 (0x2 bytes), align: 1
  Segment part 6.             Intra module refs:   ?EPILOGUE_B11_L09
           ENTRY                   ADDRESS         REF BY
           =====                   =======         ======
           ?EPILOGUE_B10_L09       00008122 
    -------------------------------------------------------------------------
<BOOT,CODE> 1 (was CODE)
  Relative segment, address: CODE 00008124 - 00008125 (0x2 bytes), align: 1
  Segment part 7.             Intra module refs:   ?EPILOGUE_B10_L09
           ENTRY                   ADDRESS         REF BY
           =====                   =======         ======
           ?EPILOGUE_B9_L09        00008124 
    -------------------------------------------------------------------------
<BOOT,CODE> 1 (was CODE)
  Relative segment, address: CODE 00008126 - 00008127 (0x2 bytes), align: 1
  Segment part 8.             Intra module refs:   ?EPILOGUE_B9_L09
           ENTRY                   ADDRESS         REF BY
           =====                   =======         ======
           ?EPILOGUE_B8_L09        00008126 
    -------------------------------------------------------------------------
<BOOT,CODE> 1 (was CODE)
  Relative segment, address: CODE 00008128 - 00008129 (0x2 bytes), align: 1
  Segment part 9.             Intra module refs:   ?EPILOGUE_B8_L09
           ENTRY                   ADDRESS         REF BY
           =====                   =======         ======
           ?EPILOGUE_B7_L09        00008128 
    -------------------------------------------------------------------------
<BOOT,CODE> 1 (was CODE)
  Relative segment, address: CODE 0000812A - 0000812B (0x2 bytes), align: 1
  Segment part 10.            Intra module refs:   ?EPILOGUE_B7_L09
           ENTRY                   ADDRESS         REF BY
           =====                   =======         ======
           ?EPILOGUE_B6_L09        0000812A        ?Subroutine62 (isp)
    -------------------------------------------------------------------------
<BOOT,CODE> 1 (was CODE)
  Relative segment, address: CODE 0000812C - 0000812D (0x2 bytes), align: 1
  Segment part 11.            Intra module refs:   ?EPILOGUE_B6_L09
           ENTRY                   ADDRESS         REF BY
           =====                   =======         ======
           ?EPILOGUE_B5_L09        0000812C 
    -------------------------------------------------------------------------
<BOOT,CODE> 1 (was CODE)
  Relative segment, address: CODE 0000812E - 0000812F (0x2 bytes), align: 1
  Segment part 12.            Intra module refs:   ?EPILOGUE_B5_L09
           ENTRY                   ADDRESS         REF BY
           =====                   =======         ======
           ?EPILOGUE_B4_L09        0000812E        ?Subroutine63 (isp)
    -------------------------------------------------------------------------
<BOOT,CODE> 1 (was CODE)
  Relative segment, address: CODE 00008130 - 00008131 (0x2 bytes), align: 1
  Segment part 13.            Intra module refs:   ?EPILOGUE_B4_L09
           ENTRY                   ADDRESS         REF BY
           =====                   =======         ======
           ?EPILOGUE_B3_L09        00008130        udd_enable (isp)
    -------------------------------------------------------------------------
<BOOT,CODE> 1 (was CODE)
  Relative segment, address: CODE 00008132 - 00008133 (0x2 bytes), align: 1
  Segment part 14.            Intra module refs:   ?EPILOGUE_B3_L09
           ENTRY                   ADDRESS         REF BY
           =====                   =======         ======
           ?EPILOGUE_B2_L09        00008132 
    -------------------------------------------------------------------------
<BOOT,CODE> 1 (was CODE)
  Relative segment, address: CODE 00008134 - 00008135 (0x2 bytes), align: 1
  Segment part 15.            Intra module refs:   ?EPILOGUE_B2_L09
           ENTRY                   ADDRESS         REF BY
           =====                   =======         ======
           ?EPILOGUE_B1_L09        00008134 
    -------------------------------------------------------------------------
<BOOT,CODE> 1 (was CODE)
  Relative segment, address: CODE 00008136 - 0000813F (0xa bytes), align: 1
  Segment part 16.            Intra module refs:   ?EPILOGUE_B1_L09
           ENTRY                   ADDRESS         REF BY
           =====                   =======         ======
           ?EPILOGUE_B0_L09        00008136 

    -------------------------------------------------------------------------
  LIBRARY MODULE, NAME : ?REGISTER_CGREGR4_L10

  SEGMENTS IN THE MODULE
  ======================
<BOOT,CODE> 1 (was CODE)
  Relative segment, address: CODE 000081C4, align: 1
  Segment part 0.
           ENTRY                   ADDRESS         REF BY
           =====                   =======         ======
           ?Register_R4_is_cg_reg
                                   000081C4        nvm_eeprom_erase_and_write_buffer (isp)
                                                   nvm_eeprom_read_buffer (isp)
                                                   nvm_flash_erase_and_write_buffer (isp)
                                                   nvm_flash_read_buffer (isp)

    -------------------------------------------------------------------------
  LIBRARY MODULE, NAME : ?REGISTER_CGREGR5_L10

  SEGMENTS IN THE MODULE
  ======================
<BOOT,CODE> 1 (was CODE)
  Relative segment, address: CODE 000081C4, align: 1
  Segment part 0.
           ENTRY                   ADDRESS         REF BY
           =====                   =======         ======
           ?Register_R5_is_cg_reg
                                   000081C4        nvm_eeprom_erase_and_write_buffer (isp)
                                                   nvm_eeprom_read_buffer (isp)
                                                   nvm_flash_erase_and_write_buffer (isp)
                                                   nvm_flash_read_buffer (isp)

    -------------------------------------------------------------------------
  LIBRARY MODULE, NAME : ?REGISTER_CGREGR6_L10

  SEGMENTS IN THE MODULE
  ======================
<BOOT,CODE> 1 (was CODE)
  Relative segment, address: CODE 000081C4, align: 1
  Segment part 0.
           ENTRY                   ADDRESS         REF BY
           =====                   =======         ======
           ?Register_R6_is_cg_reg
                                   000081C4        nvm_flash_erase_and_write_buffer (isp)

    -------------------------------------------------------------------------
  LIBRARY MODULE, NAME : ?REGISTER_CGREGR7_L10

  SEGMENTS IN THE MODULE
  ======================
<BOOT,CODE> 1 (was CODE)
  Relative segment, address: CODE 000081C4, align: 1
  Segment part 0.
           ENTRY                   ADDRESS         REF BY
           =====                   =======         ======
           ?Register_R7_is_cg_reg
                                   000081C4        nvm_flash_erase_and_write_buffer (isp)

    -------------------------------------------------------------------------
  LIBRARY MODULE, NAME : ?REGISTER_CGREGR8_L10

  SEGMENTS IN THE MODULE
  ======================
<BOOT,CODE> 1 (was CODE)
  Relative segment, address: CODE 000081C4, align: 1
  Segment part 0.
           ENTRY                   ADDRESS         REF BY
           =====                   =======         ======
           ?Register_R8_is_cg_reg
                                   000081C4        nvm_flash_erase_and_write_buffer (isp)

    -------------------------------------------------------------------------
  LIBRARY MODULE, NAME : ?REGISTER_CGREGR9_L10

  SEGMENTS IN THE MODULE
  ======================
<BOOT,CODE> 1 (was CODE)
  Relative segment, address: CODE 000081C4, align: 1
  Segment part 0.
           ENTRY                   ADDRESS         REF BY
           =====                   =======         ======
           ?Register_R9_is_cg_reg
                                   000081C4        nvm_flash_erase_and_write_buffer (isp)

    -------------------------------------------------------------------------
  LIBRARY MODULE, NAME : ?REGISTER_CGREGR10_L10

  SEGMENTS IN THE MODULE
  ======================
<BOOT,CODE> 1 (was CODE)
  Relative segment, address: CODE 000081C4, align: 1
  Segment part 0.
           ENTRY                   ADDRESS         REF BY
           =====                   =======         ======
           ?Register_R10_is_cg_reg
                                   000081C4        nvm_flash_erase_and_write_buffer (isp)

    -------------------------------------------------------------------------
  LIBRARY MODULE, NAME : ?REGISTER_CGREGR11_L10

  SEGMENTS IN THE MODULE
  ======================
<BOOT,CODE> 1 (was CODE)
  Relative segment, address: CODE 000081C4, align: 1
  Segment part 0.
           ENTRY                   ADDRESS         REF BY
           =====                   =======         ======
           ?Register_R11_is_cg_reg
                                   000081C4        nvm_flash_erase_and_write_buffer (isp)

    -------------------------------------------------------------------------
  LIBRARY MODULE, NAME : ?REGISTER_CGREGR12_L10

  SEGMENTS IN THE MODULE
  ======================
<BOOT,CODE> 1 (was CODE)
  Relative segment, address: CODE 000081C4, align: 1
  Segment part 0.
           ENTRY                   ADDRESS         REF BY
           =====                   =======         ======
           ?Register_R12_is_cg_reg
                                   000081C4        nvm_flash_erase_and_write_buffer (isp)

    -------------------------------------------------------------------------
  LIBRARY MODULE, NAME : ?REGISTER_CGREGR13_L10

  SEGMENTS IN THE MODULE
  ======================
<BOOT,CODE> 1 (was CODE)
  Relative segment, address: CODE 000081C4, align: 1
  Segment part 0.
           ENTRY                   ADDRESS         REF BY
           =====                   =======         ======
           ?Register_R13_is_cg_reg
                                   000081C4        nvm_flash_erase_and_write_buffer (isp)

    -------------------------------------------------------------------------
  LIBRARY MODULE, NAME : ?memcpy

  SEGMENTS IN THE MODULE
  ======================
<BOOT,CODE> 1 (was CODE)
  Relative segment, address: CODE 0000815E - 00008177 (0x1a bytes), align: 1
  Segment part 3.
           ENTRY                   ADDRESS         REF BY
           =====                   =======         ======
           memcpy                  0000815E        Segment part 39 (isp)
               RSTACK = 00000000 ( 00000002 )

    -------------------------------------------------------------------------
  LIBRARY MODULE, NAME : ?segment_init

  SEGMENTS IN THE MODULE
  ======================
<BOOT,CODE> 1 (was CODE)
  Relative segment, address: CODE 000080CA - 000080D1 (0x8 bytes), align: 1
  Segment part 3.             Intra module refs:   __segment_init
           LOCAL                   ADDRESS         
           =====                   =======         
           __memclr                000080CA 
               RSTACK = 00000000 ( 00000002 )
    -------------------------------------------------------------------------
<BOOT,CODE> 1 (was CODE)
  Relative segment, address: CODE 000080D2 - 000080D9 (0x8 bytes), align: 1
  Segment part 4.             Intra module refs:   __segment_init
           LOCAL                   ADDRESS         
           =====                   =======         
           __flashcpy              000080D2 
               RSTACK = 00000000 ( 00000002 )
    -------------------------------------------------------------------------
<BOOT,CODE> 1 (was CODE)
  Relative segment, address: CODE 000080DA - 000080E5 (0xc bytes), align: 1
  Segment part 5.             Intra module refs:   __flashcpy
                                                   __memclr
    -------------------------------------------------------------------------
<BOOT,CODE> 1 (was CODE)
  Relative segment, address: CODE 000080E6 - 00008119 (0x34 bytes), align: 1
  Segment part 6.
           ENTRY                   ADDRESS         REF BY
           =====                   =======         ======
           __segment_init          000080E6        ?need_segment_init (?C_STARTUP)
               calls direct
               RSTACK = 00000000 ( 00000002 )




                ****************************************
                *                                      *
                *            MODULE SUMMARY            *
                *                                      *
                ****************************************

Module                             CODE       DATA
------                             ----       ----
                               (Rel)  (Abs)  (Rel)
?C_STARTUP                       134      2
?EPILOGUE_B_L09                   38
?MOVE_LONG_L07                    22
?PROLOGUE_L09                     30
?RESET                                    2
?S_SHL_L02                        10
?US_SHR_L02                       10
?memcpy                           26
?segment_init                     80
ccp_write_io                      14
isp                            3 547         2 370
  + common                         8
nvm_common_spm                    30
nvm_flash_load_word_to_buffer     36
nvm_read_byte                     20
N/A (command line)                             224
N/A (alignment)                    1             2
----------                     -----      -  -----
Total:                         3 998      4  2 596
  + common                         8


                ****************************************
                *                                      *
                *      SEGMENTS IN ADDRESS ORDER       *
                *                                      *
                ****************************************


SEGMENT              SPACE    START ADDRESS   END ADDRESS     SIZE  TYPE  ALIGN
=======              =====    =============   ===========     ====  ====  =====
<BOOT,CODE> 1        CODE          00008002 - 000081C3         1C2   rel    1
INTVEC               CODE          000081F4 - 000081FB           8   com    1
STARTBOOT            CODE          000081FC - 000081FD           2   rel    0
<CODE> 1             CODE          000081FE - 00008F57         D5A   rel    1
INITTAB              CODE          00008F58 - 00008F63           C   rel    0
NEAR_ID              CODE          00008F64 - 00008FD9          76   rel    1
ABSOLUTE             DATA               00000020                     rel    0
                     DATA               00000034                   
                     DATA               000001C0                   
SRAM_NO_INIT         DATA          00002000 - 00002001           2   rel    0
RSTACK               DATA          00002002 - 00002071          70   dse    0
NEAR_I               DATA          00002072 - 000020E7          76   rel    1
NEAR_Z               DATA          000020E8 - 000029B3         8CC   rel    2
CSTACK               DATA          000029B4 - 00002A23          70   dse    0
                     CODE          00008000 - 00008001           2  aseg  

                ****************************************
                *                                      *
                *        END OF CROSS REFERENCE        *
                *                                      *
                ****************************************

 4 006 bytes of CODE memory (+ 4 absolute )
 2 596 bytes of DATA memory

Errors: none
Warnings: none

